******************************************************************************
               TMS320C6x Linker PC v7.4.4                      
******************************************************************************
>> Linked Mon Nov 30 17:14:20 2020

OUTPUT FILE NAME:   <demo.out>
ENTRY POINT SYMBOL: "_c_int00"  address: 00008e60


MEMORY CONFIGURATION

         name            origin    length      used     unused   attr    fill
----------------------  --------  ---------  --------  --------  ----  --------
  RAM                   00000001   fffffffe  0000a25e  ffff5da0  RWIX


SECTION ALLOCATION MAP

 output                                  attributes/
section   page    origin      length       input sections
--------  ----  ----------  ----------   ----------------
.pinit     0    00000004    00000000     UNINITIALIZED

.data      0    00000008    00000000     UNINITIALIZED

.bss       0    00000008    00000000     UNINITIALIZED

.text      0    00000020    00009240     
                  00000020    00000740     rts6200.lib : divd.obj (.text:__divd)
                  00000760    00000700                 : _printfi.obj (.text:__getarg_diouxp)
                  00000e60    000005e0                 : _printfi.obj (.text:__setfield)
                  00001440    00000560                 : _printfi.obj (.text:__printfi)
                  000019a0    00000520                 : _printfi.obj (.text:_fcvt)
                  00001ec0    00000520                 : fputs.obj (.text:_fputs)
                  000023e0    000004e0                 : _printfi.obj (.text:_ecvt)
                  000028c0    000004c0                 : _printfi.obj (.text:__pproc_fge)
                  00002d80    00000440                 : _printfi.obj (.text:__pconv_e)
                  000031c0    000003a0                 : imath64.obj (.text:__divull)
                  00003560    00000380                 : _printfi.obj (.text:__pproc_fwp)
                  000038e0    00000380                 : memory.obj (.text:_free)
                  00003c60    00000320                 : frcaddd.obj (.text:__frcaddd)
                  00003f80    00000320                 : mpyd.obj (.text:__mpyd)
                  000042a0    00000300                 : addd.obj (.text:__addd)
                  000045a0    00000300                 : _printfi.obj (.text:__pproc_diouxp)
                  000048a0    000002e0                 : _printfi.obj (.text:__pproc_str)
                  00004b80    000002e0                 : fputc.obj (.text:_fputc)
                  00004e60    000002e0                 : setvbuf.obj (.text:_setvbuf)
                  00005140    00000260                 : imath40.obj (.text:__divul)
                  000053a0    00000240                 : _printfi.obj (.text:__mcpy)
                  000055e0    00000240                 : memory.obj (.text:_malloc)
                  00005820    00000240                 : memcpy62.obj (.text:_memcpy)
                  00005a60    00000220                 : trgdrv.obj (.text:_HOSTrename)
                  00005c80    00000200                 : _printfi.obj (.text:__pconv_g)
                  00005e80    000001e0                 : fseek.obj (.text:_fseek)
                  00006060    000001e0                 : lowlev.obj (.text:_getdevice)
                  00006240    000001c0                 : _printfi.obj (.text:__ltostr)
                  00006400    000001a0                 : _printfi.obj (.text:__pproc_fflags)
                  000065a0    00000180                 : fclose.obj (.text:__closefile)
                  00006720    00000160                 : trgdrv.obj (.text:_HOSTlseek)
                  00006880    00000160                 : frcmpyd_div.obj (.text:__frcmpyd_div)
                  000069e0    00000140                 : trgdrv.obj (.text:_HOSTread)
                  00006b20    00000140                 : frcmpyd.obj (.text:__frcmpyd)
                  00006c60    00000140                 : atoi.obj (.text:_atoi)
                  00006da0    00000140                 : ltoa.obj (.text:_ltoa)
                  00006ee0    00000120                 : trgdrv.obj (.text:_HOSTopen)
                  00007000    00000120                 : trgdrv.obj (.text:_HOSTwrite)
                  00007120    00000120                 : _io_perm.obj (.text:__wrt_ok)
                  00007240    00000120                 : lowlev.obj (.text:_close)
                  00007360    00000120                 : memset.obj (.text:_memset)
                  00007480    00000120                 : printf.obj (.text:_printf)
                  000075a0    00000100                 : trgdrv.obj (.text:_HOSTclose)
                  000076a0    00000100                 : trgdrv.obj (.text:_HOSTunlink)
                  000077a0    00000100                 : autoinit.obj (.text:__auto_init)
                  000078a0    00000100                 : cmpd.obj (.text:__cmpd)
                  000079a0    00000100                 : _printfi.obj (.text:__div)
                  00007aa0    00000100                 : imath40.obj (.text:__divli)
                  00007ba0    00000100                 : _printfi.obj (.text:__pconv_f)
                  00007ca0    00000100                 : lowlev.obj (.text:_lseek)
                  00007da0    00000100                 : lowlev.obj (.text:_write)
                  00007ea0    000000e0                 : fopen.obj (.text:__cleanup)
                  00007f80    000000e0                 : fflush.obj (.text:__doflush)
                  00008060    000000e0                 : _printfi.obj (.text:__ecpy)
                  00008140    000000e0                 : _printfi.obj (.text:__fcpy)
                  00008220    000000e0                 : exit.obj (.text:_exit)
                  00008300    000000e0                 : memory.obj (.text:_minsert)
                  000083e0    000000e0                 : memory.obj (.text:_mremove)
                  000084c0    000000c0                 : divu.obj (.text:__divu)
                  00008580    000000c0                 : fixdi.obj (.text:__fixdi)
                  00008640    000000c0                 : imath40.obj (.text:__remli)
                  00008700    000000c0                 : cpy_tbl.obj (.text:_copy_in)
                  000087c0    000000c0                 : lowlev.obj (.text:_finddevice)
                  00008880    000000a0                 : fixdli.obj (.text:__fixdli)
                  00008920    000000a0                 : llshift.obj (.text:__llshl)
                  000089c0    000000a0                 : mpyll.obj (.text:__mpyll)
                  00008a60    000000a0                 : renormd.obj (.text:__renormd)
                  00008b00    000000a0                 : trgmsg.obj (.text:_readmsg)
                  00008ba0    000000a0                 : lowlev.obj (.text:_unlink)
                  00008c40    000000a0                 : trgmsg.obj (.text:_writemsg)
                  00008ce0    00000080                 : cpp_init.obj (.text:___TI_cpp_init)
                  00008d60    00000080                 : fltlid.obj (.text:__fltlid)
                  00008de0    00000080                 : llshift.obj (.text:__llshru)
                  00008e60    00000080                 : boot.obj (.text:_c_int00)
                  00008ee0    00000080                 : memccpy.obj (.text:_memccpy)
                  00008f60    00000060                 : isinf.obj (.text:___isinf)
                  00008fc0    00000060                 : _printfi.obj (.text:___isnan)
                  00009020    00000060                 : imath64.obj (.text:__subcull)
                  00009080    00000060                 : subd.obj (.text:__subd)
                  000090e0    00000040                 : args_main.obj (.text:__args_main)
                  00009120    00000040                 : negd.obj (.text:__negd)
                  00009160    00000040     main.obj (.text)
                  000091a0    00000020     rts6200.lib : negll.obj (.text:__negll)
                  000091c0    00000020                 : _lock.obj (.text:__nop)
                  000091e0    00000020                 : printf.obj (.text:__outc)
                  00009200    00000020                 : printf.obj (.text:__outs)
                  00009220    00000020                 : exit.obj (.text:_abort)
                  00009240    00000020                 : remove.obj (.text:_remove)

.far       0    00009260    00000468     UNINITIALIZED
                  00009260    00000324     rts6200.lib : defs.obj (.far)
                  00009584    0000011c                 : lowlev.obj (.far)
                  000096a0    0000000c                 : exit.obj (.far)
                  000096ac    00000008                 : _lock.obj (.far)
                  000096b4    00000008                 : memory.obj (.far)
                  000096bc    00000008                 : trgdrv.obj (.far)
                  000096c4    00000004                 : fopen.obj (.far)

.stack     0    000096c8    00000400     UNINITIALIZED
                  000096c8    00000008     rts6200.lib : boot.obj (.stack)
                  000096d0    000003f8     --HOLE--

.sysmem    0    00009ac8    00000400     UNINITIALIZED
                  00009ac8    00000008     rts6200.lib : memory.obj (.sysmem)
                  00009ad0    000003f8     --HOLE--

.cinit     0    00009ec8    00000154     
                  00009ec8    0000005c     rts6200.lib : defs.obj (.cinit)
                  00009f24    00000004     --HOLE-- [fill = 0]
                  00009f28    0000005c                 : lowlev.obj (.cinit)
                  00009f84    00000004     --HOLE-- [fill = 0]
                  00009f88    0000002c                 : exit.obj (.cinit)
                  00009fb4    00000004     --HOLE-- [fill = 0]
                  00009fb8    0000002c                 : memory.obj (.cinit)
                  00009fe4    00000004     --HOLE-- [fill = 0]
                  00009fe8    0000001c                 : _lock.obj (.cinit)
                  0000a004    00000004     --HOLE-- [fill = 0]
                  0000a008    0000000c                 : fopen.obj (.cinit)
                  0000a014    00000004     --HOLE-- [fill = 0]
                  0000a018    00000004     (.pad.cinit) [fill = 0]

.const     0    0000a020    00000142     
                  0000a020    00000101     rts6200.lib : ctype.obj (.const:.string:__ctypes_)
                  0000a121    00000023                 : _printfi.obj (.const:.string)
                  0000a144    00000014     main.obj (.const:.string)
                  0000a158    00000008     rts6200.lib : divd.obj (.const:.string:_initial_approx$1)
                  0000a160    00000002                 : fputs.obj (.const:.string)

.cio       0    0000a168    00000120     UNINITIALIZED
                  0000a168    00000120     rts6200.lib : trgmsg.obj (.cio)


GLOBAL SYMBOLS: SORTED ALPHABETICALLY BY Name 

address    name
--------   ----
00000008   $bss
00000008   .bss
00000008   .data
00000020   .text
00009220   C$$EXIT
00008cb8   C$$IO$$
000075a0   _HOSTclose
00006720   _HOSTlseek
00006ee0   _HOSTopen
000069e0   _HOSTread
00005a60   _HOSTrename
000076a0   _HOSTunlink
00007000   _HOSTwrite
0000a168   __CIOBUF_
00009ac8   __STACK_END
00000400   __STACK_SIZE
00000400   __SYSMEM_SIZE
00000001   __TI_args_main
00008ce0   ___TI_cpp_init
000096a8   ___TI_enable_exit_profile_output
ffffffff   ___TI_pprof_out_hndl
ffffffff   ___TI_prof_data_size
ffffffff   ___TI_prof_data_start
ffffffff   ___binit__
00000008   ___bss__
ffffffff   ___c_args__
00009ec8   ___cinit__
00000008   ___data__
00000008   ___edata__
00000008   ___end__
00009260   ___etext__
00008f60   ___isinf
ffffffff   ___pinit__
00000020   ___text__
000042a0   __addd
000090e0   __args_main
000077a0   __auto_init
000084c0   __c6xabi_divu
00007ea0   __cleanup
000096a0   __cleanup_ptr
000065a0   __closefile
000078a0   __cmpd
0000a020   __ctypes_
00000020   __divd
00007aa0   __divli
000084c0   __divu
00005140   __divul
000031c0   __divull
00007f80   __doflush
000096a4   __dtors_ptr
00008580   __fixdi
00008880   __fixdli
00008d60   __fltlid
00003c60   __frcaddd
00006b20   __frcmpyd
00006880   __frcmpyd_div
00009580   __ft_end
00009260   __ftable
00008920   __llshl
00008de0   __llshru
000096ac   __lock
00003f80   __mpyd
000089c0   __mpyll
00009120   __negd
000091a0   __negll
000091c0   __nop
00001440   __printfi
00008640   __remli
00008a60   __renormd
000096c8   __stack
00009020   __subcull
00009080   __subd
00009ac8   __sys_memory
00009440   __tmpnams
000096b0   __unlock
00007120   __wrt_ok
00009220   _abort
00006c60   _atoi
00008e60   _c_int00
00007240   _close
00008700   _copy_in
00008220   _exit
00004b80   _fputc
00001ec0   _fputs
000038e0   _free
00005e80   _fseek
00007ca0   _lseek
00006da0   _ltoa
00009160   _main
000055e0   _malloc
00008ee0   _memccpy
00005820   _memcpy
00007360   _memset
00007480   _printf
00004b80   _putc
00008b00   _readmsg
00009240   _remove
00004e60   _setvbuf
00008ba0   _unlink
00007da0   _write
00008c40   _writemsg
ffffffff   binit
00009ec8   cinit
00000008   edata
00000008   end
00009260   etext
ffffffff   pinit


GLOBAL SYMBOLS: SORTED BY Symbol Address 

address    name
--------   ----
00000001   __TI_args_main
00000008   $bss
00000008   .bss
00000008   .data
00000008   ___bss__
00000008   ___data__
00000008   ___edata__
00000008   ___end__
00000008   edata
00000008   end
00000020   .text
00000020   ___text__
00000020   __divd
00000400   __STACK_SIZE
00000400   __SYSMEM_SIZE
00001440   __printfi
00001ec0   _fputs
000031c0   __divull
000038e0   _free
00003c60   __frcaddd
00003f80   __mpyd
000042a0   __addd
00004b80   _fputc
00004b80   _putc
00004e60   _setvbuf
00005140   __divul
000055e0   _malloc
00005820   _memcpy
00005a60   _HOSTrename
00005e80   _fseek
000065a0   __closefile
00006720   _HOSTlseek
00006880   __frcmpyd_div
000069e0   _HOSTread
00006b20   __frcmpyd
00006c60   _atoi
00006da0   _ltoa
00006ee0   _HOSTopen
00007000   _HOSTwrite
00007120   __wrt_ok
00007240   _close
00007360   _memset
00007480   _printf
000075a0   _HOSTclose
000076a0   _HOSTunlink
000077a0   __auto_init
000078a0   __cmpd
00007aa0   __divli
00007ca0   _lseek
00007da0   _write
00007ea0   __cleanup
00007f80   __doflush
00008220   _exit
000084c0   __c6xabi_divu
000084c0   __divu
00008580   __fixdi
00008640   __remli
00008700   _copy_in
00008880   __fixdli
00008920   __llshl
000089c0   __mpyll
00008a60   __renormd
00008b00   _readmsg
00008ba0   _unlink
00008c40   _writemsg
00008cb8   C$$IO$$
00008ce0   ___TI_cpp_init
00008d60   __fltlid
00008de0   __llshru
00008e60   _c_int00
00008ee0   _memccpy
00008f60   ___isinf
00009020   __subcull
00009080   __subd
000090e0   __args_main
00009120   __negd
00009160   _main
000091a0   __negll
000091c0   __nop
00009220   C$$EXIT
00009220   _abort
00009240   _remove
00009260   ___etext__
00009260   __ftable
00009260   etext
00009440   __tmpnams
00009580   __ft_end
000096a0   __cleanup_ptr
000096a4   __dtors_ptr
000096a8   ___TI_enable_exit_profile_output
000096ac   __lock
000096b0   __unlock
000096c8   __stack
00009ac8   __STACK_END
00009ac8   __sys_memory
00009ec8   ___cinit__
00009ec8   cinit
0000a020   __ctypes_
0000a168   __CIOBUF_
ffffffff   ___TI_pprof_out_hndl
ffffffff   ___TI_prof_data_size
ffffffff   ___TI_prof_data_start
ffffffff   ___binit__
ffffffff   ___c_args__
ffffffff   ___pinit__
ffffffff   binit
ffffffff   pinit

[107 symbols]
