<?xml version="1.0"?>
<link_info>
   <banner>TMS320C6x Linker PC v7.4.4</banner>
   <copyright>Copyright (c) 1996-2013 Texas Instruments Incorporated</copyright>
   <link_time>0x5fc4db14</link_time>
   <output_file>demo.out</output_file>
   <entry_point>
      <name>_c_int00</name>
      <address>0x8e60</address>
   </entry_point>
   <input_file_list>
      <input_file id="fl-2">
         <path>.\</path>
         <kind>object</kind>
         <file>main.obj</file>
         <name>main.obj</name>
      </input_file>
      <input_file id="fl-7c">
         <path>C:\ti\ccsv5\tools\compiler\c6000_7.4.4\lib\</path>
         <kind>archive</kind>
         <file>rts6200.lib</file>
         <name>boot.obj</name>
      </input_file>
      <input_file id="fl-7d">
         <path>C:\ti\ccsv5\tools\compiler\c6000_7.4.4\lib\</path>
         <kind>archive</kind>
         <file>rts6200.lib</file>
         <name>exit.obj</name>
      </input_file>
      <input_file id="fl-7e">
         <path>C:\ti\ccsv5\tools\compiler\c6000_7.4.4\lib\</path>
         <kind>archive</kind>
         <file>rts6200.lib</file>
         <name>printf.obj</name>
      </input_file>
      <input_file id="fl-7f">
         <path>C:\ti\ccsv5\tools\compiler\c6000_7.4.4\lib\</path>
         <kind>archive</kind>
         <file>rts6200.lib</file>
         <name>_lock.obj</name>
      </input_file>
      <input_file id="fl-80">
         <path>C:\ti\ccsv5\tools\compiler\c6000_7.4.4\lib\</path>
         <kind>archive</kind>
         <file>rts6200.lib</file>
         <name>_printfi.obj</name>
      </input_file>
      <input_file id="fl-81">
         <path>C:\ti\ccsv5\tools\compiler\c6000_7.4.4\lib\</path>
         <kind>archive</kind>
         <file>rts6200.lib</file>
         <name>args_main.obj</name>
      </input_file>
      <input_file id="fl-82">
         <path>C:\ti\ccsv5\tools\compiler\c6000_7.4.4\lib\</path>
         <kind>archive</kind>
         <file>rts6200.lib</file>
         <name>atoi.obj</name>
      </input_file>
      <input_file id="fl-83">
         <path>C:\ti\ccsv5\tools\compiler\c6000_7.4.4\lib\</path>
         <kind>archive</kind>
         <file>rts6200.lib</file>
         <name>autoinit.obj</name>
      </input_file>
      <input_file id="fl-84">
         <path>C:\ti\ccsv5\tools\compiler\c6000_7.4.4\lib\</path>
         <kind>archive</kind>
         <file>rts6200.lib</file>
         <name>cmpd.obj</name>
      </input_file>
      <input_file id="fl-85">
         <path>C:\ti\ccsv5\tools\compiler\c6000_7.4.4\lib\</path>
         <kind>archive</kind>
         <file>rts6200.lib</file>
         <name>cpp_init.obj</name>
      </input_file>
      <input_file id="fl-86">
         <path>C:\ti\ccsv5\tools\compiler\c6000_7.4.4\lib\</path>
         <kind>archive</kind>
         <file>rts6200.lib</file>
         <name>cpy_tbl.obj</name>
      </input_file>
      <input_file id="fl-87">
         <path>C:\ti\ccsv5\tools\compiler\c6000_7.4.4\lib\</path>
         <kind>archive</kind>
         <file>rts6200.lib</file>
         <name>ctype.obj</name>
      </input_file>
      <input_file id="fl-88">
         <path>C:\ti\ccsv5\tools\compiler\c6000_7.4.4\lib\</path>
         <kind>archive</kind>
         <file>rts6200.lib</file>
         <name>defs.obj</name>
      </input_file>
      <input_file id="fl-89">
         <path>C:\ti\ccsv5\tools\compiler\c6000_7.4.4\lib\</path>
         <kind>archive</kind>
         <file>rts6200.lib</file>
         <name>divd.obj</name>
      </input_file>
      <input_file id="fl-8a">
         <path>C:\ti\ccsv5\tools\compiler\c6000_7.4.4\lib\</path>
         <kind>archive</kind>
         <file>rts6200.lib</file>
         <name>divu.obj</name>
      </input_file>
      <input_file id="fl-8b">
         <path>C:\ti\ccsv5\tools\compiler\c6000_7.4.4\lib\</path>
         <kind>archive</kind>
         <file>rts6200.lib</file>
         <name>fixdi.obj</name>
      </input_file>
      <input_file id="fl-8c">
         <path>C:\ti\ccsv5\tools\compiler\c6000_7.4.4\lib\</path>
         <kind>archive</kind>
         <file>rts6200.lib</file>
         <name>fixdli.obj</name>
      </input_file>
      <input_file id="fl-8d">
         <path>C:\ti\ccsv5\tools\compiler\c6000_7.4.4\lib\</path>
         <kind>archive</kind>
         <file>rts6200.lib</file>
         <name>fltlid.obj</name>
      </input_file>
      <input_file id="fl-8e">
         <path>C:\ti\ccsv5\tools\compiler\c6000_7.4.4\lib\</path>
         <kind>archive</kind>
         <file>rts6200.lib</file>
         <name>fputc.obj</name>
      </input_file>
      <input_file id="fl-8f">
         <path>C:\ti\ccsv5\tools\compiler\c6000_7.4.4\lib\</path>
         <kind>archive</kind>
         <file>rts6200.lib</file>
         <name>fputs.obj</name>
      </input_file>
      <input_file id="fl-90">
         <path>C:\ti\ccsv5\tools\compiler\c6000_7.4.4\lib\</path>
         <kind>archive</kind>
         <file>rts6200.lib</file>
         <name>frcmpyd_div.obj</name>
      </input_file>
      <input_file id="fl-91">
         <path>C:\ti\ccsv5\tools\compiler\c6000_7.4.4\lib\</path>
         <kind>archive</kind>
         <file>rts6200.lib</file>
         <name>imath40.obj</name>
      </input_file>
      <input_file id="fl-92">
         <path>C:\ti\ccsv5\tools\compiler\c6000_7.4.4\lib\</path>
         <kind>archive</kind>
         <file>rts6200.lib</file>
         <name>imath64.obj</name>
      </input_file>
      <input_file id="fl-93">
         <path>C:\ti\ccsv5\tools\compiler\c6000_7.4.4\lib\</path>
         <kind>archive</kind>
         <file>rts6200.lib</file>
         <name>isinf.obj</name>
      </input_file>
      <input_file id="fl-94">
         <path>C:\ti\ccsv5\tools\compiler\c6000_7.4.4\lib\</path>
         <kind>archive</kind>
         <file>rts6200.lib</file>
         <name>llshift.obj</name>
      </input_file>
      <input_file id="fl-95">
         <path>C:\ti\ccsv5\tools\compiler\c6000_7.4.4\lib\</path>
         <kind>archive</kind>
         <file>rts6200.lib</file>
         <name>lowlev.obj</name>
      </input_file>
      <input_file id="fl-96">
         <path>C:\ti\ccsv5\tools\compiler\c6000_7.4.4\lib\</path>
         <kind>archive</kind>
         <file>rts6200.lib</file>
         <name>ltoa.obj</name>
      </input_file>
      <input_file id="fl-97">
         <path>C:\ti\ccsv5\tools\compiler\c6000_7.4.4\lib\</path>
         <kind>archive</kind>
         <file>rts6200.lib</file>
         <name>memccpy.obj</name>
      </input_file>
      <input_file id="fl-98">
         <path>C:\ti\ccsv5\tools\compiler\c6000_7.4.4\lib\</path>
         <kind>archive</kind>
         <file>rts6200.lib</file>
         <name>memcpy62.obj</name>
      </input_file>
      <input_file id="fl-99">
         <path>C:\ti\ccsv5\tools\compiler\c6000_7.4.4\lib\</path>
         <kind>archive</kind>
         <file>rts6200.lib</file>
         <name>memset.obj</name>
      </input_file>
      <input_file id="fl-9a">
         <path>C:\ti\ccsv5\tools\compiler\c6000_7.4.4\lib\</path>
         <kind>archive</kind>
         <file>rts6200.lib</file>
         <name>mpyd.obj</name>
      </input_file>
      <input_file id="fl-9b">
         <path>C:\ti\ccsv5\tools\compiler\c6000_7.4.4\lib\</path>
         <kind>archive</kind>
         <file>rts6200.lib</file>
         <name>mpyll.obj</name>
      </input_file>
      <input_file id="fl-9c">
         <path>C:\ti\ccsv5\tools\compiler\c6000_7.4.4\lib\</path>
         <kind>archive</kind>
         <file>rts6200.lib</file>
         <name>negd.obj</name>
      </input_file>
      <input_file id="fl-9d">
         <path>C:\ti\ccsv5\tools\compiler\c6000_7.4.4\lib\</path>
         <kind>archive</kind>
         <file>rts6200.lib</file>
         <name>negll.obj</name>
      </input_file>
      <input_file id="fl-9e">
         <path>C:\ti\ccsv5\tools\compiler\c6000_7.4.4\lib\</path>
         <kind>archive</kind>
         <file>rts6200.lib</file>
         <name>subd.obj</name>
      </input_file>
      <input_file id="fl-9f">
         <path>C:\ti\ccsv5\tools\compiler\c6000_7.4.4\lib\</path>
         <kind>archive</kind>
         <file>rts6200.lib</file>
         <name>trgdrv.obj</name>
      </input_file>
      <input_file id="fl-a0">
         <path>C:\ti\ccsv5\tools\compiler\c6000_7.4.4\lib\</path>
         <kind>archive</kind>
         <file>rts6200.lib</file>
         <name>trgmsg.obj</name>
      </input_file>
      <input_file id="fl-a1">
         <path>C:\ti\ccsv5\tools\compiler\c6000_7.4.4\lib\</path>
         <kind>archive</kind>
         <file>rts6200.lib</file>
         <name>_io_perm.obj</name>
      </input_file>
      <input_file id="fl-a2">
         <path>C:\ti\ccsv5\tools\compiler\c6000_7.4.4\lib\</path>
         <kind>archive</kind>
         <file>rts6200.lib</file>
         <name>abs.obj</name>
      </input_file>
      <input_file id="fl-a3">
         <path>C:\ti\ccsv5\tools\compiler\c6000_7.4.4\lib\</path>
         <kind>archive</kind>
         <file>rts6200.lib</file>
         <name>addd.obj</name>
      </input_file>
      <input_file id="fl-a4">
         <path>C:\ti\ccsv5\tools\compiler\c6000_7.4.4\lib\</path>
         <kind>archive</kind>
         <file>rts6200.lib</file>
         <name>fflush.obj</name>
      </input_file>
      <input_file id="fl-a5">
         <path>C:\ti\ccsv5\tools\compiler\c6000_7.4.4\lib\</path>
         <kind>archive</kind>
         <file>rts6200.lib</file>
         <name>frcaddd.obj</name>
      </input_file>
      <input_file id="fl-a6">
         <path>C:\ti\ccsv5\tools\compiler\c6000_7.4.4\lib\</path>
         <kind>archive</kind>
         <file>rts6200.lib</file>
         <name>frcmpyd.obj</name>
      </input_file>
      <input_file id="fl-a7">
         <path>C:\ti\ccsv5\tools\compiler\c6000_7.4.4\lib\</path>
         <kind>archive</kind>
         <file>rts6200.lib</file>
         <name>fseek.obj</name>
      </input_file>
      <input_file id="fl-a8">
         <path>C:\ti\ccsv5\tools\compiler\c6000_7.4.4\lib\</path>
         <kind>archive</kind>
         <file>rts6200.lib</file>
         <name>renormd.obj</name>
      </input_file>
      <input_file id="fl-a9">
         <path>C:\ti\ccsv5\tools\compiler\c6000_7.4.4\lib\</path>
         <kind>archive</kind>
         <file>rts6200.lib</file>
         <name>setvbuf.obj</name>
      </input_file>
      <input_file id="fl-aa">
         <path>C:\ti\ccsv5\tools\compiler\c6000_7.4.4\lib\</path>
         <kind>archive</kind>
         <file>rts6200.lib</file>
         <name>fopen.obj</name>
      </input_file>
      <input_file id="fl-ab">
         <path>C:\ti\ccsv5\tools\compiler\c6000_7.4.4\lib\</path>
         <kind>archive</kind>
         <file>rts6200.lib</file>
         <name>memory.obj</name>
      </input_file>
      <input_file id="fl-ac">
         <path>C:\ti\ccsv5\tools\compiler\c6000_7.4.4\lib\</path>
         <kind>archive</kind>
         <file>rts6200.lib</file>
         <name>fclose.obj</name>
      </input_file>
      <input_file id="fl-ad">
         <path>C:\ti\ccsv5\tools\compiler\c6000_7.4.4\lib\</path>
         <kind>archive</kind>
         <file>rts6200.lib</file>
         <name>remove.obj</name>
      </input_file>
   </input_file_list>
   <object_component_list>
      <object_component id="oc-e9">
         <name>.text:__divd</name>
         <load_address>0x20</load_address>
         <run_address>0x20</run_address>
         <size>0x740</size>
         <input_file_ref idref="fl-89"/>
      </object_component>
      <object_component id="oc-dc">
         <name>.text:__getarg_diouxp</name>
         <load_address>0x760</load_address>
         <run_address>0x760</run_address>
         <size>0x700</size>
         <input_file_ref idref="fl-80"/>
      </object_component>
      <object_component id="oc-c8">
         <name>.text:__setfield</name>
         <load_address>0xe60</load_address>
         <run_address>0xe60</run_address>
         <size>0x5e0</size>
         <input_file_ref idref="fl-80"/>
      </object_component>
      <object_component id="oc-c3">
         <name>.text:__printfi</name>
         <load_address>0x1440</load_address>
         <run_address>0x1440</run_address>
         <size>0x560</size>
         <input_file_ref idref="fl-80"/>
      </object_component>
      <object_component id="oc-e6">
         <name>.text:_fcvt</name>
         <load_address>0x19a0</load_address>
         <run_address>0x19a0</run_address>
         <size>0x520</size>
         <input_file_ref idref="fl-80"/>
      </object_component>
      <object_component id="oc-c4">
         <name>.text:_fputs</name>
         <load_address>0x1ec0</load_address>
         <run_address>0x1ec0</run_address>
         <size>0x520</size>
         <input_file_ref idref="fl-8f"/>
      </object_component>
      <object_component id="oc-e3">
         <name>.text:_ecvt</name>
         <load_address>0x23e0</load_address>
         <run_address>0x23e0</run_address>
         <size>0x4e0</size>
         <input_file_ref idref="fl-80"/>
      </object_component>
      <object_component id="oc-cf">
         <name>.text:__pproc_fge</name>
         <load_address>0x28c0</load_address>
         <run_address>0x28c0</run_address>
         <size>0x4c0</size>
         <input_file_ref idref="fl-80"/>
      </object_component>
      <object_component id="oc-db">
         <name>.text:__pconv_e</name>
         <load_address>0x2d80</load_address>
         <run_address>0x2d80</run_address>
         <size>0x440</size>
         <input_file_ref idref="fl-80"/>
      </object_component>
      <object_component id="oc-f9">
         <name>.text:__divull</name>
         <load_address>0x31c0</load_address>
         <run_address>0x31c0</run_address>
         <size>0x3a0</size>
         <input_file_ref idref="fl-92"/>
      </object_component>
      <object_component id="oc-c7">
         <name>.text:__pproc_fwp</name>
         <load_address>0x3560</load_address>
         <run_address>0x3560</run_address>
         <size>0x380</size>
         <input_file_ref idref="fl-80"/>
      </object_component>
      <object_component id="oc-e0">
         <name>.text:_free</name>
         <load_address>0x38e0</load_address>
         <run_address>0x38e0</run_address>
         <size>0x380</size>
         <input_file_ref idref="fl-ab"/>
      </object_component>
      <object_component id="oc-103">
         <name>.text:__frcaddd</name>
         <load_address>0x3c60</load_address>
         <run_address>0x3c60</run_address>
         <size>0x320</size>
         <input_file_ref idref="fl-a5"/>
      </object_component>
      <object_component id="oc-e8">
         <name>.text:__mpyd</name>
         <load_address>0x3f80</load_address>
         <run_address>0x3f80</run_address>
         <size>0x320</size>
         <input_file_ref idref="fl-9a"/>
      </object_component>
      <object_component id="oc-fe">
         <name>.text:__addd</name>
         <load_address>0x42a0</load_address>
         <run_address>0x42a0</run_address>
         <size>0x300</size>
         <input_file_ref idref="fl-a3"/>
      </object_component>
      <object_component id="oc-d0">
         <name>.text:__pproc_diouxp</name>
         <load_address>0x45a0</load_address>
         <run_address>0x45a0</run_address>
         <size>0x300</size>
         <input_file_ref idref="fl-80"/>
      </object_component>
      <object_component id="oc-c9">
         <name>.text:__pproc_str</name>
         <load_address>0x48a0</load_address>
         <run_address>0x48a0</run_address>
         <size>0x2e0</size>
         <input_file_ref idref="fl-80"/>
      </object_component>
      <object_component id="oc-c5">
         <name>.text:_fputc</name>
         <load_address>0x4b80</load_address>
         <run_address>0x4b80</run_address>
         <size>0x2e0</size>
         <input_file_ref idref="fl-8e"/>
      </object_component>
      <object_component id="oc-d3">
         <name>.text:_setvbuf</name>
         <load_address>0x4e60</load_address>
         <run_address>0x4e60</run_address>
         <size>0x2e0</size>
         <input_file_ref idref="fl-a9"/>
      </object_component>
      <object_component id="oc-f8">
         <name>.text:__divul</name>
         <load_address>0x5140</load_address>
         <run_address>0x5140</run_address>
         <size>0x260</size>
         <input_file_ref idref="fl-91"/>
      </object_component>
      <object_component id="oc-e5">
         <name>.text:__mcpy</name>
         <load_address>0x53a0</load_address>
         <run_address>0x53a0</run_address>
         <size>0x240</size>
         <input_file_ref idref="fl-80"/>
      </object_component>
      <object_component id="oc-e1">
         <name>.text:_malloc</name>
         <load_address>0x55e0</load_address>
         <run_address>0x55e0</run_address>
         <size>0x240</size>
         <input_file_ref idref="fl-ab"/>
      </object_component>
      <object_component id="oc-ba">
         <name>.text:_memcpy</name>
         <load_address>0x5820</load_address>
         <run_address>0x5820</run_address>
         <size>0x240</size>
         <input_file_ref idref="fl-98"/>
      </object_component>
      <object_component id="oc-b8">
         <name>.text:_HOSTrename</name>
         <load_address>0x5a60</load_address>
         <run_address>0x5a60</run_address>
         <size>0x220</size>
         <input_file_ref idref="fl-9f"/>
      </object_component>
      <object_component id="oc-d9">
         <name>.text:__pconv_g</name>
         <load_address>0x5c80</load_address>
         <run_address>0x5c80</run_address>
         <size>0x200</size>
         <input_file_ref idref="fl-80"/>
      </object_component>
      <object_component id="oc-d2">
         <name>.text:_fseek</name>
         <load_address>0x5e80</load_address>
         <run_address>0x5e80</run_address>
         <size>0x1e0</size>
         <input_file_ref idref="fl-a7"/>
      </object_component>
      <object_component id="oc-104">
         <name>.text:_getdevice</name>
         <load_address>0x6060</load_address>
         <run_address>0x6060</run_address>
         <size>0x1e0</size>
         <input_file_ref idref="fl-95"/>
      </object_component>
      <object_component id="oc-de">
         <name>.text:__ltostr</name>
         <load_address>0x6240</load_address>
         <run_address>0x6240</run_address>
         <size>0x1c0</size>
         <input_file_ref idref="fl-80"/>
      </object_component>
      <object_component id="oc-c6">
         <name>.text:__pproc_fflags</name>
         <load_address>0x6400</load_address>
         <run_address>0x6400</run_address>
         <size>0x1a0</size>
         <input_file_ref idref="fl-80"/>
      </object_component>
      <object_component id="oc-ee">
         <name>.text:__closefile</name>
         <load_address>0x65a0</load_address>
         <run_address>0x65a0</run_address>
         <size>0x180</size>
         <input_file_ref idref="fl-ac"/>
      </object_component>
      <object_component id="oc-b6">
         <name>.text:_HOSTlseek</name>
         <load_address>0x6720</load_address>
         <run_address>0x6720</run_address>
         <size>0x160</size>
         <input_file_ref idref="fl-9f"/>
      </object_component>
      <object_component id="oc-f6">
         <name>.text:__frcmpyd_div</name>
         <load_address>0x6880</load_address>
         <run_address>0x6880</run_address>
         <size>0x160</size>
         <input_file_ref idref="fl-90"/>
      </object_component>
      <object_component id="oc-b4">
         <name>.text:_HOSTread</name>
         <load_address>0x69e0</load_address>
         <run_address>0x69e0</run_address>
         <size>0x140</size>
         <input_file_ref idref="fl-9f"/>
      </object_component>
      <object_component id="oc-f4">
         <name>.text:__frcmpyd</name>
         <load_address>0x6b20</load_address>
         <run_address>0x6b20</run_address>
         <size>0x140</size>
         <input_file_ref idref="fl-a6"/>
      </object_component>
      <object_component id="oc-ce">
         <name>.text:_atoi</name>
         <load_address>0x6c60</load_address>
         <run_address>0x6c60</run_address>
         <size>0x140</size>
         <input_file_ref idref="fl-82"/>
      </object_component>
      <object_component id="oc-f0">
         <name>.text:_ltoa</name>
         <load_address>0x6da0</load_address>
         <run_address>0x6da0</run_address>
         <size>0x140</size>
         <input_file_ref idref="fl-96"/>
      </object_component>
      <object_component id="oc-b2">
         <name>.text:_HOSTopen</name>
         <load_address>0x6ee0</load_address>
         <run_address>0x6ee0</run_address>
         <size>0x120</size>
         <input_file_ref idref="fl-9f"/>
      </object_component>
      <object_component id="oc-b5">
         <name>.text:_HOSTwrite</name>
         <load_address>0x7000</load_address>
         <run_address>0x7000</run_address>
         <size>0x120</size>
         <input_file_ref idref="fl-9f"/>
      </object_component>
      <object_component id="oc-ca">
         <name>.text:__wrt_ok</name>
         <load_address>0x7120</load_address>
         <run_address>0x7120</run_address>
         <size>0x120</size>
         <input_file_ref idref="fl-a1"/>
      </object_component>
      <object_component id="oc-fa">
         <name>.text:_close</name>
         <load_address>0x7240</load_address>
         <run_address>0x7240</run_address>
         <size>0x120</size>
         <input_file_ref idref="fl-95"/>
      </object_component>
      <object_component id="oc-cd">
         <name>.text:_memset</name>
         <load_address>0x7360</load_address>
         <run_address>0x7360</run_address>
         <size>0x120</size>
         <input_file_ref idref="fl-99"/>
      </object_component>
      <object_component id="oc-c0">
         <name>.text:_printf</name>
         <load_address>0x7480</load_address>
         <run_address>0x7480</run_address>
         <size>0x120</size>
         <input_file_ref idref="fl-7e"/>
      </object_component>
      <object_component id="oc-b3">
         <name>.text:_HOSTclose</name>
         <load_address>0x75a0</load_address>
         <run_address>0x75a0</run_address>
         <size>0x100</size>
         <input_file_ref idref="fl-9f"/>
      </object_component>
      <object_component id="oc-b7">
         <name>.text:_HOSTunlink</name>
         <load_address>0x76a0</load_address>
         <run_address>0x76a0</run_address>
         <size>0x100</size>
         <input_file_ref idref="fl-9f"/>
      </object_component>
      <object_component id="oc-ae">
         <name>.text:__auto_init</name>
         <load_address>0x77a0</load_address>
         <run_address>0x77a0</run_address>
         <size>0x100</size>
         <input_file_ref idref="fl-83"/>
      </object_component>
      <object_component id="oc-d7">
         <name>.text:__cmpd</name>
         <load_address>0x78a0</load_address>
         <run_address>0x78a0</run_address>
         <size>0x100</size>
         <input_file_ref idref="fl-84"/>
      </object_component>
      <object_component id="oc-ea">
         <name>.text:__div</name>
         <load_address>0x79a0</load_address>
         <run_address>0x79a0</run_address>
         <size>0x100</size>
         <input_file_ref idref="fl-80"/>
      </object_component>
      <object_component id="oc-fd">
         <name>.text:__divli</name>
         <load_address>0x7aa0</load_address>
         <run_address>0x7aa0</run_address>
         <size>0x100</size>
         <input_file_ref idref="fl-91"/>
      </object_component>
      <object_component id="oc-da">
         <name>.text:__pconv_f</name>
         <load_address>0x7ba0</load_address>
         <run_address>0x7ba0</run_address>
         <size>0x100</size>
         <input_file_ref idref="fl-80"/>
      </object_component>
      <object_component id="oc-df">
         <name>.text:_lseek</name>
         <load_address>0x7ca0</load_address>
         <run_address>0x7ca0</run_address>
         <size>0x100</size>
         <input_file_ref idref="fl-95"/>
      </object_component>
      <object_component id="oc-cc">
         <name>.text:_write</name>
         <load_address>0x7da0</load_address>
         <run_address>0x7da0</run_address>
         <size>0x100</size>
         <input_file_ref idref="fl-95"/>
      </object_component>
      <object_component id="oc-e2">
         <name>.text:__cleanup</name>
         <load_address>0x7ea0</load_address>
         <run_address>0x7ea0</run_address>
         <size>0xe0</size>
         <input_file_ref idref="fl-aa"/>
      </object_component>
      <object_component id="oc-cb">
         <name>.text:__doflush</name>
         <load_address>0x7f80</load_address>
         <run_address>0x7f80</run_address>
         <size>0xe0</size>
         <input_file_ref idref="fl-a4"/>
      </object_component>
      <object_component id="oc-e4">
         <name>.text:__ecpy</name>
         <load_address>0x8060</load_address>
         <run_address>0x8060</run_address>
         <size>0xe0</size>
         <input_file_ref idref="fl-80"/>
      </object_component>
      <object_component id="oc-e7">
         <name>.text:__fcpy</name>
         <load_address>0x8140</load_address>
         <run_address>0x8140</run_address>
         <size>0xe0</size>
         <input_file_ref idref="fl-80"/>
      </object_component>
      <object_component id="oc-b0">
         <name>.text:_exit</name>
         <load_address>0x8220</load_address>
         <run_address>0x8220</run_address>
         <size>0xe0</size>
         <input_file_ref idref="fl-7d"/>
      </object_component>
      <object_component id="oc-ed">
         <name>.text:_minsert</name>
         <load_address>0x8300</load_address>
         <run_address>0x8300</run_address>
         <size>0xe0</size>
         <input_file_ref idref="fl-ab"/>
      </object_component>
      <object_component id="oc-ec">
         <name>.text:_mremove</name>
         <load_address>0x83e0</load_address>
         <run_address>0x83e0</run_address>
         <size>0xe0</size>
         <input_file_ref idref="fl-ab"/>
      </object_component>
      <object_component id="oc-f7">
         <name>.text:__divu</name>
         <load_address>0x84c0</load_address>
         <run_address>0x84c0</run_address>
         <size>0xc0</size>
         <input_file_ref idref="fl-8a"/>
      </object_component>
      <object_component id="oc-f3">
         <name>.text:__fixdi</name>
         <load_address>0x8580</load_address>
         <run_address>0x8580</run_address>
         <size>0xc0</size>
         <input_file_ref idref="fl-8b"/>
      </object_component>
      <object_component id="oc-fc">
         <name>.text:__remli</name>
         <load_address>0x8640</load_address>
         <run_address>0x8640</run_address>
         <size>0xc0</size>
         <input_file_ref idref="fl-91"/>
      </object_component>
      <object_component id="oc-b9">
         <name>.text:_copy_in</name>
         <load_address>0x8700</load_address>
         <run_address>0x8700</run_address>
         <size>0xc0</size>
         <input_file_ref idref="fl-86"/>
      </object_component>
      <object_component id="oc-106">
         <name>.text:_finddevice</name>
         <load_address>0x87c0</load_address>
         <run_address>0x87c0</run_address>
         <size>0xc0</size>
         <input_file_ref idref="fl-95"/>
      </object_component>
      <object_component id="oc-ef">
         <name>.text:__fixdli</name>
         <load_address>0x8880</load_address>
         <run_address>0x8880</run_address>
         <size>0xa0</size>
         <input_file_ref idref="fl-8c"/>
      </object_component>
      <object_component id="oc-ff">
         <name>.text:__llshl</name>
         <load_address>0x8920</load_address>
         <run_address>0x8920</run_address>
         <size>0xa0</size>
         <input_file_ref idref="fl-94"/>
      </object_component>
      <object_component id="oc-eb">
         <name>.text:__mpyll</name>
         <load_address>0x89c0</load_address>
         <run_address>0x89c0</run_address>
         <size>0xa0</size>
         <input_file_ref idref="fl-9b"/>
      </object_component>
      <object_component id="oc-105">
         <name>.text:__renormd</name>
         <load_address>0x8a60</load_address>
         <run_address>0x8a60</run_address>
         <size>0xa0</size>
         <input_file_ref idref="fl-a8"/>
      </object_component>
      <object_component id="oc-bf">
         <name>.text:_readmsg</name>
         <load_address>0x8b00</load_address>
         <run_address>0x8b00</run_address>
         <size>0xa0</size>
         <input_file_ref idref="fl-a0"/>
      </object_component>
      <object_component id="oc-102">
         <name>.text:_unlink</name>
         <load_address>0x8ba0</load_address>
         <run_address>0x8ba0</run_address>
         <size>0xa0</size>
         <input_file_ref idref="fl-95"/>
      </object_component>
      <object_component id="oc-be">
         <name>.text:_writemsg</name>
         <load_address>0x8c40</load_address>
         <run_address>0x8c40</run_address>
         <size>0xa0</size>
         <input_file_ref idref="fl-a0"/>
      </object_component>
      <object_component id="oc-bb">
         <name>.text:___TI_cpp_init</name>
         <load_address>0x8ce0</load_address>
         <run_address>0x8ce0</run_address>
         <size>0x80</size>
         <input_file_ref idref="fl-85"/>
      </object_component>
      <object_component id="oc-f1">
         <name>.text:__fltlid</name>
         <load_address>0x8d60</load_address>
         <run_address>0x8d60</run_address>
         <size>0x80</size>
         <input_file_ref idref="fl-8d"/>
      </object_component>
      <object_component id="oc-101">
         <name>.text:__llshru</name>
         <load_address>0x8de0</load_address>
         <run_address>0x8de0</run_address>
         <size>0x80</size>
         <input_file_ref idref="fl-94"/>
      </object_component>
      <object_component id="oc-2">
         <name>.text:_c_int00</name>
         <load_address>0x8e60</load_address>
         <run_address>0x8e60</run_address>
         <size>0x80</size>
         <input_file_ref idref="fl-7c"/>
      </object_component>
      <object_component id="oc-d1">
         <name>.text:_memccpy</name>
         <load_address>0x8ee0</load_address>
         <run_address>0x8ee0</run_address>
         <size>0x80</size>
         <input_file_ref idref="fl-97"/>
      </object_component>
      <object_component id="oc-d6">
         <name>.text:___isinf</name>
         <load_address>0x8f60</load_address>
         <run_address>0x8f60</run_address>
         <size>0x60</size>
         <input_file_ref idref="fl-93"/>
      </object_component>
      <object_component id="oc-d5">
         <name>.text:___isnan</name>
         <load_address>0x8fc0</load_address>
         <run_address>0x8fc0</run_address>
         <size>0x60</size>
         <input_file_ref idref="fl-80"/>
      </object_component>
      <object_component id="oc-100">
         <name>.text:__subcull</name>
         <load_address>0x9020</load_address>
         <run_address>0x9020</run_address>
         <size>0x60</size>
         <input_file_ref idref="fl-92"/>
      </object_component>
      <object_component id="oc-f2">
         <name>.text:__subd</name>
         <load_address>0x9080</load_address>
         <run_address>0x9080</run_address>
         <size>0x60</size>
         <input_file_ref idref="fl-9e"/>
      </object_component>
      <object_component id="oc-af">
         <name>.text:__args_main</name>
         <load_address>0x90e0</load_address>
         <run_address>0x90e0</run_address>
         <size>0x40</size>
         <input_file_ref idref="fl-81"/>
      </object_component>
      <object_component id="oc-d8">
         <name>.text:__negd</name>
         <load_address>0x9120</load_address>
         <run_address>0x9120</run_address>
         <size>0x40</size>
         <input_file_ref idref="fl-9c"/>
      </object_component>
      <object_component id="oc-bc">
         <name>.text</name>
         <load_address>0x9160</load_address>
         <run_address>0x9160</run_address>
         <size>0x40</size>
         <input_file_ref idref="fl-2"/>
      </object_component>
      <object_component id="oc-dd">
         <name>.text:__negll</name>
         <load_address>0x91a0</load_address>
         <run_address>0x91a0</run_address>
         <size>0x20</size>
         <input_file_ref idref="fl-9d"/>
      </object_component>
      <object_component id="oc-b1">
         <name>.text:__nop</name>
         <load_address>0x91c0</load_address>
         <run_address>0x91c0</run_address>
         <size>0x20</size>
         <input_file_ref idref="fl-7f"/>
      </object_component>
      <object_component id="oc-c2">
         <name>.text:__outc</name>
         <load_address>0x91e0</load_address>
         <run_address>0x91e0</run_address>
         <size>0x20</size>
         <input_file_ref idref="fl-7e"/>
      </object_component>
      <object_component id="oc-c1">
         <name>.text:__outs</name>
         <load_address>0x9200</load_address>
         <run_address>0x9200</run_address>
         <size>0x20</size>
         <input_file_ref idref="fl-7e"/>
      </object_component>
      <object_component id="oc-bd">
         <name>.text:_abort</name>
         <load_address>0x9220</load_address>
         <run_address>0x9220</run_address>
         <size>0x20</size>
         <input_file_ref idref="fl-7d"/>
      </object_component>
      <object_component id="oc-fb">
         <name>.text:_remove</name>
         <load_address>0x9240</load_address>
         <run_address>0x9240</run_address>
         <size>0x20</size>
         <input_file_ref idref="fl-ad"/>
      </object_component>
      <object_component id="oc-d4">
         <name>.const:.string:__ctypes_</name>
         <load_address>0xa020</load_address>
         <run_address>0xa020</run_address>
         <size>0x101</size>
         <input_file_ref idref="fl-87"/>
      </object_component>
      <object_component id="oc-1a">
         <name>.const:.string</name>
         <load_address>0xa121</load_address>
         <run_address>0xa121</run_address>
         <size>0x23</size>
         <input_file_ref idref="fl-80"/>
      </object_component>
      <object_component id="oc-4">
         <name>.const:.string</name>
         <load_address>0xa144</load_address>
         <run_address>0xa144</run_address>
         <size>0x14</size>
         <input_file_ref idref="fl-2"/>
      </object_component>
      <object_component id="oc-f5">
         <name>.const:.string:_initial_approx$1</name>
         <load_address>0xa158</load_address>
         <run_address>0xa158</run_address>
         <size>0x8</size>
         <input_file_ref idref="fl-89"/>
      </object_component>
      <object_component id="oc-48">
         <name>.const:.string</name>
         <load_address>0xa160</load_address>
         <run_address>0xa160</run_address>
         <size>0x2</size>
         <input_file_ref idref="fl-8f"/>
      </object_component>
      <object_component id="oc-32">
         <name>.cinit</name>
         <load_address>0x9ec8</load_address>
         <run_address>0x9ec8</run_address>
         <size>0x5c</size>
         <input_file_ref idref="fl-88"/>
      </object_component>
      <object_component id="oc-5b">
         <name>.cinit</name>
         <load_address>0x9f28</load_address>
         <run_address>0x9f28</run_address>
         <size>0x5c</size>
         <input_file_ref idref="fl-95"/>
      </object_component>
      <object_component id="oc-d">
         <name>.cinit</name>
         <load_address>0x9f88</load_address>
         <run_address>0x9f88</run_address>
         <size>0x2c</size>
         <input_file_ref idref="fl-7d"/>
      </object_component>
      <object_component id="oc-a3">
         <name>.cinit</name>
         <load_address>0x9fb8</load_address>
         <run_address>0x9fb8</run_address>
         <size>0x2c</size>
         <input_file_ref idref="fl-ab"/>
      </object_component>
      <object_component id="oc-15">
         <name>.cinit</name>
         <load_address>0x9fe8</load_address>
         <run_address>0x9fe8</run_address>
         <size>0x1c</size>
         <input_file_ref idref="fl-7f"/>
      </object_component>
      <object_component id="oc-9e">
         <name>.cinit</name>
         <load_address>0xa008</load_address>
         <run_address>0xa008</run_address>
         <size>0xc</size>
         <input_file_ref idref="fl-aa"/>
      </object_component>
      <object_component id="oc-9">
         <name>.stack</name>
         <uninitialized>true</uninitialized>
         <run_address>0x96c8</run_address>
         <size>0x8</size>
         <input_file_ref idref="fl-7c"/>
      </object_component>
      <object_component id="oc-12a">
         <name>.stack</name>
         <uninitialized>true</uninitialized>
         <run_address>0x96c8</run_address>
         <size>0x0</size>
      </object_component>
      <object_component id="oc-a5">
         <name>.sysmem</name>
         <uninitialized>true</uninitialized>
         <run_address>0x9ac8</run_address>
         <size>0x8</size>
         <input_file_ref idref="fl-ab"/>
      </object_component>
      <object_component id="oc-12b">
         <name>.sysmem</name>
         <uninitialized>true</uninitialized>
         <run_address>0x9ac8</run_address>
         <size>0x0</size>
      </object_component>
      <object_component id="oc-e">
         <name>.far</name>
         <uninitialized>true</uninitialized>
         <run_address>0x96a0</run_address>
         <size>0xc</size>
         <input_file_ref idref="fl-7d"/>
      </object_component>
      <object_component id="oc-16">
         <name>.far</name>
         <uninitialized>true</uninitialized>
         <run_address>0x96ac</run_address>
         <size>0x8</size>
         <input_file_ref idref="fl-7f"/>
      </object_component>
      <object_component id="oc-33">
         <name>.far</name>
         <uninitialized>true</uninitialized>
         <run_address>0x9260</run_address>
         <size>0x324</size>
         <input_file_ref idref="fl-88"/>
      </object_component>
      <object_component id="oc-5c">
         <name>.far</name>
         <uninitialized>true</uninitialized>
         <run_address>0x9584</run_address>
         <size>0x11c</size>
         <input_file_ref idref="fl-95"/>
      </object_component>
      <object_component id="oc-7b">
         <name>.far</name>
         <uninitialized>true</uninitialized>
         <run_address>0x96bc</run_address>
         <size>0x8</size>
         <input_file_ref idref="fl-9f"/>
      </object_component>
      <object_component id="oc-9f">
         <name>.far</name>
         <uninitialized>true</uninitialized>
         <run_address>0x96c4</run_address>
         <size>0x4</size>
         <input_file_ref idref="fl-aa"/>
      </object_component>
      <object_component id="oc-a4">
         <name>.far</name>
         <uninitialized>true</uninitialized>
         <run_address>0x96b4</run_address>
         <size>0x8</size>
         <input_file_ref idref="fl-ab"/>
      </object_component>
      <object_component id="oc-7f">
         <name>.cio</name>
         <uninitialized>true</uninitialized>
         <run_address>0xa168</run_address>
         <size>0x120</size>
         <input_file_ref idref="fl-a0"/>
      </object_component>
      <object_component id="oc-3">
         <name>.debug_info</name>
         <load_address>0x0</load_address>
         <run_address>0x0</run_address>
         <size>0x637</size>
         <input_file_ref idref="fl-2"/>
      </object_component>
      <object_component id="oc-8">
         <name>.debug_info</name>
         <load_address>0x637</load_address>
         <run_address>0x637</run_address>
         <size>0x6f5</size>
         <input_file_ref idref="fl-7c"/>
      </object_component>
      <object_component id="oc-c">
         <name>.debug_info</name>
         <load_address>0xd2c</load_address>
         <run_address>0xd2c</run_address>
         <size>0x7cf</size>
         <input_file_ref idref="fl-7d"/>
      </object_component>
      <object_component id="oc-11">
         <name>.debug_info</name>
         <load_address>0x14fb</load_address>
         <run_address>0x14fb</run_address>
         <size>0x8ec</size>
         <input_file_ref idref="fl-7e"/>
      </object_component>
      <object_component id="oc-14">
         <name>.debug_info</name>
         <load_address>0x1de7</load_address>
         <run_address>0x1de7</run_address>
         <size>0x636</size>
         <input_file_ref idref="fl-7f"/>
      </object_component>
      <object_component id="oc-19">
         <name>.debug_info</name>
         <load_address>0x241d</load_address>
         <run_address>0x241d</run_address>
         <size>0x2923</size>
         <input_file_ref idref="fl-80"/>
      </object_component>
      <object_component id="oc-1d">
         <name>.debug_info</name>
         <load_address>0x4d40</load_address>
         <run_address>0x4d40</run_address>
         <size>0x6cb</size>
         <input_file_ref idref="fl-81"/>
      </object_component>
      <object_component id="oc-20">
         <name>.debug_info</name>
         <load_address>0x540b</load_address>
         <run_address>0x540b</run_address>
         <size>0x6d8</size>
         <input_file_ref idref="fl-82"/>
      </object_component>
      <object_component id="oc-23">
         <name>.debug_info</name>
         <load_address>0x5ae3</load_address>
         <run_address>0x5ae3</run_address>
         <size>0x841</size>
         <input_file_ref idref="fl-83"/>
      </object_component>
      <object_component id="oc-26">
         <name>.debug_info</name>
         <load_address>0x6324</load_address>
         <run_address>0x6324</run_address>
         <size>0x68f</size>
         <input_file_ref idref="fl-84"/>
      </object_component>
      <object_component id="oc-29">
         <name>.debug_info</name>
         <load_address>0x69b3</load_address>
         <run_address>0x69b3</run_address>
         <size>0x6b9</size>
         <input_file_ref idref="fl-85"/>
      </object_component>
      <object_component id="oc-2c">
         <name>.debug_info</name>
         <load_address>0x706c</load_address>
         <run_address>0x706c</run_address>
         <size>0x7af</size>
         <input_file_ref idref="fl-86"/>
      </object_component>
      <object_component id="oc-2f">
         <name>.debug_info</name>
         <load_address>0x781b</load_address>
         <run_address>0x781b</run_address>
         <size>0x5e4</size>
         <input_file_ref idref="fl-87"/>
      </object_component>
      <object_component id="oc-31">
         <name>.debug_info</name>
         <load_address>0x7dff</load_address>
         <run_address>0x7dff</run_address>
         <size>0x6d1</size>
         <input_file_ref idref="fl-88"/>
      </object_component>
      <object_component id="oc-35">
         <name>.debug_info</name>
         <load_address>0x84d0</load_address>
         <run_address>0x84d0</run_address>
         <size>0x993</size>
         <input_file_ref idref="fl-89"/>
      </object_component>
      <object_component id="oc-38">
         <name>.debug_info</name>
         <load_address>0x8e63</load_address>
         <run_address>0x8e63</run_address>
         <size>0xbc</size>
         <input_file_ref idref="fl-8a"/>
      </object_component>
      <object_component id="oc-3b">
         <name>.debug_info</name>
         <load_address>0x8f1f</load_address>
         <run_address>0x8f1f</run_address>
         <size>0x67e</size>
         <input_file_ref idref="fl-8b"/>
      </object_component>
      <object_component id="oc-3e">
         <name>.debug_info</name>
         <load_address>0x959d</load_address>
         <run_address>0x959d</run_address>
         <size>0x67b</size>
         <input_file_ref idref="fl-8c"/>
      </object_component>
      <object_component id="oc-41">
         <name>.debug_info</name>
         <load_address>0x9c18</load_address>
         <run_address>0x9c18</run_address>
         <size>0x694</size>
         <input_file_ref idref="fl-8d"/>
      </object_component>
      <object_component id="oc-44">
         <name>.debug_info</name>
         <load_address>0xa2ac</load_address>
         <run_address>0xa2ac</run_address>
         <size>0x814</size>
         <input_file_ref idref="fl-8e"/>
      </object_component>
      <object_component id="oc-47">
         <name>.debug_info</name>
         <load_address>0xaac0</load_address>
         <run_address>0xaac0</run_address>
         <size>0xab3</size>
         <input_file_ref idref="fl-8f"/>
      </object_component>
      <object_component id="oc-4b">
         <name>.debug_info</name>
         <load_address>0xb573</load_address>
         <run_address>0xb573</run_address>
         <size>0x68e</size>
         <input_file_ref idref="fl-90"/>
      </object_component>
      <object_component id="oc-4e">
         <name>.debug_info</name>
         <load_address>0xbc01</load_address>
         <run_address>0xbc01</run_address>
         <size>0x78d</size>
         <input_file_ref idref="fl-91"/>
      </object_component>
      <object_component id="oc-51">
         <name>.debug_info</name>
         <load_address>0xc38e</load_address>
         <run_address>0xc38e</run_address>
         <size>0x788</size>
         <input_file_ref idref="fl-92"/>
      </object_component>
      <object_component id="oc-54">
         <name>.debug_info</name>
         <load_address>0xcb16</load_address>
         <run_address>0xcb16</run_address>
         <size>0x800</size>
         <input_file_ref idref="fl-93"/>
      </object_component>
      <object_component id="oc-57">
         <name>.debug_info</name>
         <load_address>0xd316</load_address>
         <run_address>0xd316</run_address>
         <size>0x6eb</size>
         <input_file_ref idref="fl-94"/>
      </object_component>
      <object_component id="oc-5a">
         <name>.debug_info</name>
         <load_address>0xda01</load_address>
         <run_address>0xda01</run_address>
         <size>0xe73</size>
         <input_file_ref idref="fl-95"/>
      </object_component>
      <object_component id="oc-5f">
         <name>.debug_info</name>
         <load_address>0xe874</load_address>
         <run_address>0xe874</run_address>
         <size>0x718</size>
         <input_file_ref idref="fl-96"/>
      </object_component>
      <object_component id="oc-62">
         <name>.debug_info</name>
         <load_address>0xef8c</load_address>
         <run_address>0xef8c</run_address>
         <size>0x6bc</size>
         <input_file_ref idref="fl-97"/>
      </object_component>
      <object_component id="oc-65">
         <name>.debug_info</name>
         <load_address>0xf648</load_address>
         <run_address>0xf648</run_address>
         <size>0x748</size>
         <input_file_ref idref="fl-98"/>
      </object_component>
      <object_component id="oc-68">
         <name>.debug_info</name>
         <load_address>0xfd90</load_address>
         <run_address>0xfd90</run_address>
         <size>0x700</size>
         <input_file_ref idref="fl-99"/>
      </object_component>
      <object_component id="oc-6b">
         <name>.debug_info</name>
         <load_address>0x10490</load_address>
         <run_address>0x10490</run_address>
         <size>0x6c9</size>
         <input_file_ref idref="fl-9a"/>
      </object_component>
      <object_component id="oc-6e">
         <name>.debug_info</name>
         <load_address>0x10b59</load_address>
         <run_address>0x10b59</run_address>
         <size>0x6a1</size>
         <input_file_ref idref="fl-9b"/>
      </object_component>
      <object_component id="oc-71">
         <name>.debug_info</name>
         <load_address>0x111fa</load_address>
         <run_address>0x111fa</run_address>
         <size>0x607</size>
         <input_file_ref idref="fl-9c"/>
      </object_component>
      <object_component id="oc-74">
         <name>.debug_info</name>
         <load_address>0x11801</load_address>
         <run_address>0x11801</run_address>
         <size>0x602</size>
         <input_file_ref idref="fl-9d"/>
      </object_component>
      <object_component id="oc-77">
         <name>.debug_info</name>
         <load_address>0x11e03</load_address>
         <run_address>0x11e03</run_address>
         <size>0x62e</size>
         <input_file_ref idref="fl-9e"/>
      </object_component>
      <object_component id="oc-7a">
         <name>.debug_info</name>
         <load_address>0x12431</load_address>
         <run_address>0x12431</run_address>
         <size>0xdc6</size>
         <input_file_ref idref="fl-9f"/>
      </object_component>
      <object_component id="oc-7e">
         <name>.debug_info</name>
         <load_address>0x131f7</load_address>
         <run_address>0x131f7</run_address>
         <size>0x853</size>
         <input_file_ref idref="fl-a0"/>
      </object_component>
      <object_component id="oc-82">
         <name>.debug_info</name>
         <load_address>0x13a4a</load_address>
         <run_address>0x13a4a</run_address>
         <size>0x744</size>
         <input_file_ref idref="fl-a1"/>
      </object_component>
      <object_component id="oc-85">
         <name>.debug_info</name>
         <load_address>0x1418e</load_address>
         <run_address>0x1418e</run_address>
         <size>0x5b6</size>
         <input_file_ref idref="fl-a2"/>
      </object_component>
      <object_component id="oc-88">
         <name>.debug_info</name>
         <load_address>0x14744</load_address>
         <run_address>0x14744</run_address>
         <size>0x6e0</size>
         <input_file_ref idref="fl-a3"/>
      </object_component>
      <object_component id="oc-8b">
         <name>.debug_info</name>
         <load_address>0x14e24</load_address>
         <run_address>0x14e24</run_address>
         <size>0x76b</size>
         <input_file_ref idref="fl-a4"/>
      </object_component>
      <object_component id="oc-8e">
         <name>.debug_info</name>
         <load_address>0x1558f</load_address>
         <run_address>0x1558f</run_address>
         <size>0x6e0</size>
         <input_file_ref idref="fl-a5"/>
      </object_component>
      <object_component id="oc-91">
         <name>.debug_info</name>
         <load_address>0x15c6f</load_address>
         <run_address>0x15c6f</run_address>
         <size>0x71c</size>
         <input_file_ref idref="fl-a6"/>
      </object_component>
      <object_component id="oc-94">
         <name>.debug_info</name>
         <load_address>0x1638b</load_address>
         <run_address>0x1638b</run_address>
         <size>0x7a3</size>
         <input_file_ref idref="fl-a7"/>
      </object_component>
      <object_component id="oc-97">
         <name>.debug_info</name>
         <load_address>0x16b2e</load_address>
         <run_address>0x16b2e</run_address>
         <size>0x6f8</size>
         <input_file_ref idref="fl-a8"/>
      </object_component>
      <object_component id="oc-9a">
         <name>.debug_info</name>
         <load_address>0x17226</load_address>
         <run_address>0x17226</run_address>
         <size>0x7f6</size>
         <input_file_ref idref="fl-a9"/>
      </object_component>
      <object_component id="oc-9d">
         <name>.debug_info</name>
         <load_address>0x17a1c</load_address>
         <run_address>0x17a1c</run_address>
         <size>0x855</size>
         <input_file_ref idref="fl-aa"/>
      </object_component>
      <object_component id="oc-a2">
         <name>.debug_info</name>
         <load_address>0x18271</load_address>
         <run_address>0x18271</run_address>
         <size>0xac2</size>
         <input_file_ref idref="fl-ab"/>
      </object_component>
      <object_component id="oc-a8">
         <name>.debug_info</name>
         <load_address>0x18d33</load_address>
         <run_address>0x18d33</run_address>
         <size>0x7f0</size>
         <input_file_ref idref="fl-ac"/>
      </object_component>
      <object_component id="oc-ab">
         <name>.debug_info</name>
         <load_address>0x19523</load_address>
         <run_address>0x19523</run_address>
         <size>0x64e</size>
         <input_file_ref idref="fl-ad"/>
      </object_component>
      <object_component id="oc-161">
         <name>.debug_info</name>
         <load_address>0x19b71</load_address>
         <run_address>0x19b71</run_address>
         <size>0x6d</size>
      </object_component>
      <object_component id="oc-5">
         <name>.debug_frame</name>
         <load_address>0x0</load_address>
         <run_address>0x0</run_address>
         <size>0x25d</size>
         <input_file_ref idref="fl-2"/>
      </object_component>
      <object_component id="oc-6">
         <name>.debug_line</name>
         <load_address>0x0</load_address>
         <run_address>0x0</run_address>
         <size>0x3e</size>
         <input_file_ref idref="fl-2"/>
      </object_component>
      <object_component id="oc-a">
         <name>.debug_line</name>
         <load_address>0x3e</load_address>
         <run_address>0x3e</run_address>
         <size>0x3d</size>
         <input_file_ref idref="fl-7c"/>
      </object_component>
      <object_component id="oc-f">
         <name>.debug_line</name>
         <load_address>0x7b</load_address>
         <run_address>0x7b</run_address>
         <size>0x4f</size>
         <input_file_ref idref="fl-7d"/>
      </object_component>
      <object_component id="oc-12">
         <name>.debug_line</name>
         <load_address>0xca</load_address>
         <run_address>0xca</run_address>
         <size>0x6a</size>
         <input_file_ref idref="fl-7e"/>
      </object_component>
      <object_component id="oc-17">
         <name>.debug_line</name>
         <load_address>0x134</load_address>
         <run_address>0x134</run_address>
         <size>0x36</size>
         <input_file_ref idref="fl-7f"/>
      </object_component>
      <object_component id="oc-1b">
         <name>.debug_line</name>
         <load_address>0x16a</load_address>
         <run_address>0x16a</run_address>
         <size>0x312</size>
         <input_file_ref idref="fl-80"/>
      </object_component>
      <object_component id="oc-1e">
         <name>.debug_line</name>
         <load_address>0x47c</load_address>
         <run_address>0x47c</run_address>
         <size>0x41</size>
         <input_file_ref idref="fl-81"/>
      </object_component>
      <object_component id="oc-21">
         <name>.debug_line</name>
         <load_address>0x4bd</load_address>
         <run_address>0x4bd</run_address>
         <size>0x41</size>
         <input_file_ref idref="fl-82"/>
      </object_component>
      <object_component id="oc-24">
         <name>.debug_line</name>
         <load_address>0x4fe</load_address>
         <run_address>0x4fe</run_address>
         <size>0x47</size>
         <input_file_ref idref="fl-83"/>
      </object_component>
      <object_component id="oc-27">
         <name>.debug_line</name>
         <load_address>0x545</load_address>
         <run_address>0x545</run_address>
         <size>0x37</size>
         <input_file_ref idref="fl-84"/>
      </object_component>
      <object_component id="oc-2a">
         <name>.debug_line</name>
         <load_address>0x57c</load_address>
         <run_address>0x57c</run_address>
         <size>0x45</size>
         <input_file_ref idref="fl-85"/>
      </object_component>
      <object_component id="oc-2d">
         <name>.debug_line</name>
         <load_address>0x5c1</load_address>
         <run_address>0x5c1</run_address>
         <size>0x44</size>
         <input_file_ref idref="fl-86"/>
      </object_component>
      <object_component id="oc-36">
         <name>.debug_line</name>
         <load_address>0x605</load_address>
         <run_address>0x605</run_address>
         <size>0x5b</size>
         <input_file_ref idref="fl-89"/>
      </object_component>
      <object_component id="oc-39">
         <name>.debug_line</name>
         <load_address>0x660</load_address>
         <run_address>0x660</run_address>
         <size>0x44</size>
         <input_file_ref idref="fl-8a"/>
      </object_component>
      <object_component id="oc-3c">
         <name>.debug_line</name>
         <load_address>0x6a4</load_address>
         <run_address>0x6a4</run_address>
         <size>0x3d</size>
         <input_file_ref idref="fl-8b"/>
      </object_component>
      <object_component id="oc-3f">
         <name>.debug_line</name>
         <load_address>0x6e1</load_address>
         <run_address>0x6e1</run_address>
         <size>0x3d</size>
         <input_file_ref idref="fl-8c"/>
      </object_component>
      <object_component id="oc-42">
         <name>.debug_line</name>
         <load_address>0x71e</load_address>
         <run_address>0x71e</run_address>
         <size>0x3d</size>
         <input_file_ref idref="fl-8d"/>
      </object_component>
      <object_component id="oc-45">
         <name>.debug_line</name>
         <load_address>0x75b</load_address>
         <run_address>0x75b</run_address>
         <size>0x3f</size>
         <input_file_ref idref="fl-8e"/>
      </object_component>
      <object_component id="oc-49">
         <name>.debug_line</name>
         <load_address>0x79a</load_address>
         <run_address>0x79a</run_address>
         <size>0x92</size>
         <input_file_ref idref="fl-8f"/>
      </object_component>
      <object_component id="oc-4c">
         <name>.debug_line</name>
         <load_address>0x82c</load_address>
         <run_address>0x82c</run_address>
         <size>0x3e</size>
         <input_file_ref idref="fl-90"/>
      </object_component>
      <object_component id="oc-4f">
         <name>.debug_line</name>
         <load_address>0x86a</load_address>
         <run_address>0x86a</run_address>
         <size>0x73</size>
         <input_file_ref idref="fl-91"/>
      </object_component>
      <object_component id="oc-52">
         <name>.debug_line</name>
         <load_address>0x8dd</load_address>
         <run_address>0x8dd</run_address>
         <size>0x5f</size>
         <input_file_ref idref="fl-92"/>
      </object_component>
      <object_component id="oc-55">
         <name>.debug_line</name>
         <load_address>0x93c</load_address>
         <run_address>0x93c</run_address>
         <size>0x38</size>
         <input_file_ref idref="fl-93"/>
      </object_component>
      <object_component id="oc-58">
         <name>.debug_line</name>
         <load_address>0x974</load_address>
         <run_address>0x974</run_address>
         <size>0x56</size>
         <input_file_ref idref="fl-94"/>
      </object_component>
      <object_component id="oc-5d">
         <name>.debug_line</name>
         <load_address>0x9ca</load_address>
         <run_address>0x9ca</run_address>
         <size>0xf5</size>
         <input_file_ref idref="fl-95"/>
      </object_component>
      <object_component id="oc-60">
         <name>.debug_line</name>
         <load_address>0xabf</load_address>
         <run_address>0xabf</run_address>
         <size>0x40</size>
         <input_file_ref idref="fl-96"/>
      </object_component>
      <object_component id="oc-63">
         <name>.debug_line</name>
         <load_address>0xaff</load_address>
         <run_address>0xaff</run_address>
         <size>0x3f</size>
         <input_file_ref idref="fl-97"/>
      </object_component>
      <object_component id="oc-66">
         <name>.debug_line</name>
         <load_address>0xb3e</load_address>
         <run_address>0xb3e</run_address>
         <size>0x4e</size>
         <input_file_ref idref="fl-98"/>
      </object_component>
      <object_component id="oc-69">
         <name>.debug_line</name>
         <load_address>0xb8c</load_address>
         <run_address>0xb8c</run_address>
         <size>0x47</size>
         <input_file_ref idref="fl-99"/>
      </object_component>
      <object_component id="oc-6c">
         <name>.debug_line</name>
         <load_address>0xbd3</load_address>
         <run_address>0xbd3</run_address>
         <size>0x3c</size>
         <input_file_ref idref="fl-9a"/>
      </object_component>
      <object_component id="oc-6f">
         <name>.debug_line</name>
         <load_address>0xc0f</load_address>
         <run_address>0xc0f</run_address>
         <size>0x3d</size>
         <input_file_ref idref="fl-9b"/>
      </object_component>
      <object_component id="oc-72">
         <name>.debug_line</name>
         <load_address>0xc4c</load_address>
         <run_address>0xc4c</run_address>
         <size>0x37</size>
         <input_file_ref idref="fl-9c"/>
      </object_component>
      <object_component id="oc-75">
         <name>.debug_line</name>
         <load_address>0xc83</load_address>
         <run_address>0xc83</run_address>
         <size>0x37</size>
         <input_file_ref idref="fl-9d"/>
      </object_component>
      <object_component id="oc-78">
         <name>.debug_line</name>
         <load_address>0xcba</load_address>
         <run_address>0xcba</run_address>
         <size>0x37</size>
         <input_file_ref idref="fl-9e"/>
      </object_component>
      <object_component id="oc-7c">
         <name>.debug_line</name>
         <load_address>0xcf1</load_address>
         <run_address>0xcf1</run_address>
         <size>0x122</size>
         <input_file_ref idref="fl-9f"/>
      </object_component>
      <object_component id="oc-80">
         <name>.debug_line</name>
         <load_address>0xe13</load_address>
         <run_address>0xe13</run_address>
         <size>0x64</size>
         <input_file_ref idref="fl-a0"/>
      </object_component>
      <object_component id="oc-83">
         <name>.debug_line</name>
         <load_address>0xe77</load_address>
         <run_address>0xe77</run_address>
         <size>0x40</size>
         <input_file_ref idref="fl-a1"/>
      </object_component>
      <object_component id="oc-86">
         <name>.debug_line</name>
         <load_address>0xeb7</load_address>
         <run_address>0xeb7</run_address>
         <size>0x23</size>
         <input_file_ref idref="fl-a2"/>
      </object_component>
      <object_component id="oc-89">
         <name>.debug_line</name>
         <load_address>0xeda</load_address>
         <run_address>0xeda</run_address>
         <size>0x3c</size>
         <input_file_ref idref="fl-a3"/>
      </object_component>
      <object_component id="oc-8c">
         <name>.debug_line</name>
         <load_address>0xf16</load_address>
         <run_address>0xf16</run_address>
         <size>0x3e</size>
         <input_file_ref idref="fl-a4"/>
      </object_component>
      <object_component id="oc-8f">
         <name>.debug_line</name>
         <load_address>0xf54</load_address>
         <run_address>0xf54</run_address>
         <size>0x3f</size>
         <input_file_ref idref="fl-a5"/>
      </object_component>
      <object_component id="oc-92">
         <name>.debug_line</name>
         <load_address>0xf93</load_address>
         <run_address>0xf93</run_address>
         <size>0x3a</size>
         <input_file_ref idref="fl-a6"/>
      </object_component>
      <object_component id="oc-95">
         <name>.debug_line</name>
         <load_address>0xfcd</load_address>
         <run_address>0xfcd</run_address>
         <size>0x3c</size>
         <input_file_ref idref="fl-a7"/>
      </object_component>
      <object_component id="oc-98">
         <name>.debug_line</name>
         <load_address>0x1009</load_address>
         <run_address>0x1009</run_address>
         <size>0x53</size>
         <input_file_ref idref="fl-a8"/>
      </object_component>
      <object_component id="oc-9b">
         <name>.debug_line</name>
         <load_address>0x105c</load_address>
         <run_address>0x105c</run_address>
         <size>0x40</size>
         <input_file_ref idref="fl-a9"/>
      </object_component>
      <object_component id="oc-a0">
         <name>.debug_line</name>
         <load_address>0x109c</load_address>
         <run_address>0x109c</run_address>
         <size>0x42</size>
         <input_file_ref idref="fl-aa"/>
      </object_component>
      <object_component id="oc-a6">
         <name>.debug_line</name>
         <load_address>0x10de</load_address>
         <run_address>0x10de</run_address>
         <size>0xa7</size>
         <input_file_ref idref="fl-ab"/>
      </object_component>
      <object_component id="oc-a9">
         <name>.debug_line</name>
         <load_address>0x1185</load_address>
         <run_address>0x1185</run_address>
         <size>0x3e</size>
         <input_file_ref idref="fl-ac"/>
      </object_component>
      <object_component id="oc-ac">
         <name>.debug_line</name>
         <load_address>0x11c3</load_address>
         <run_address>0x11c3</run_address>
         <size>0x39</size>
         <input_file_ref idref="fl-ad"/>
      </object_component>
      <object_component id="oc-7">
         <name>.debug_abbrev</name>
         <load_address>0x0</load_address>
         <run_address>0x0</run_address>
         <size>0xa5</size>
         <input_file_ref idref="fl-2"/>
      </object_component>
      <object_component id="oc-b">
         <name>.debug_abbrev</name>
         <load_address>0xa5</load_address>
         <run_address>0xa5</run_address>
         <size>0xfe</size>
         <input_file_ref idref="fl-7c"/>
      </object_component>
      <object_component id="oc-10">
         <name>.debug_abbrev</name>
         <load_address>0x1a3</load_address>
         <run_address>0x1a3</run_address>
         <size>0x119</size>
         <input_file_ref idref="fl-7d"/>
      </object_component>
      <object_component id="oc-13">
         <name>.debug_abbrev</name>
         <load_address>0x2bc</load_address>
         <run_address>0x2bc</run_address>
         <size>0x161</size>
         <input_file_ref idref="fl-7e"/>
      </object_component>
      <object_component id="oc-18">
         <name>.debug_abbrev</name>
         <load_address>0x41d</load_address>
         <run_address>0x41d</run_address>
         <size>0x9f</size>
         <input_file_ref idref="fl-7f"/>
      </object_component>
      <object_component id="oc-1c">
         <name>.debug_abbrev</name>
         <load_address>0x4bc</load_address>
         <run_address>0x4bc</run_address>
         <size>0x1d1</size>
         <input_file_ref idref="fl-80"/>
      </object_component>
      <object_component id="oc-1f">
         <name>.debug_abbrev</name>
         <load_address>0x68d</load_address>
         <run_address>0x68d</run_address>
         <size>0xe1</size>
         <input_file_ref idref="fl-81"/>
      </object_component>
      <object_component id="oc-22">
         <name>.debug_abbrev</name>
         <load_address>0x76e</load_address>
         <run_address>0x76e</run_address>
         <size>0xcc</size>
         <input_file_ref idref="fl-82"/>
      </object_component>
      <object_component id="oc-25">
         <name>.debug_abbrev</name>
         <load_address>0x83a</load_address>
         <run_address>0x83a</run_address>
         <size>0x13f</size>
         <input_file_ref idref="fl-83"/>
      </object_component>
      <object_component id="oc-28">
         <name>.debug_abbrev</name>
         <load_address>0x979</load_address>
         <run_address>0x979</run_address>
         <size>0xac</size>
         <input_file_ref idref="fl-84"/>
      </object_component>
      <object_component id="oc-2b">
         <name>.debug_abbrev</name>
         <load_address>0xa25</load_address>
         <run_address>0xa25</run_address>
         <size>0xdd</size>
         <input_file_ref idref="fl-85"/>
      </object_component>
      <object_component id="oc-2e">
         <name>.debug_abbrev</name>
         <load_address>0xb02</load_address>
         <run_address>0xb02</run_address>
         <size>0x10c</size>
         <input_file_ref idref="fl-86"/>
      </object_component>
      <object_component id="oc-30">
         <name>.debug_abbrev</name>
         <load_address>0xc0e</load_address>
         <run_address>0xc0e</run_address>
         <size>0x5f</size>
         <input_file_ref idref="fl-87"/>
      </object_component>
      <object_component id="oc-34">
         <name>.debug_abbrev</name>
         <load_address>0xc6d</load_address>
         <run_address>0xc6d</run_address>
         <size>0x8e</size>
         <input_file_ref idref="fl-88"/>
      </object_component>
      <object_component id="oc-37">
         <name>.debug_abbrev</name>
         <load_address>0xcfb</load_address>
         <run_address>0xcfb</run_address>
         <size>0x112</size>
         <input_file_ref idref="fl-89"/>
      </object_component>
      <object_component id="oc-3a">
         <name>.debug_abbrev</name>
         <load_address>0xe0d</load_address>
         <run_address>0xe0d</run_address>
         <size>0x3a</size>
         <input_file_ref idref="fl-8a"/>
      </object_component>
      <object_component id="oc-3d">
         <name>.debug_abbrev</name>
         <load_address>0xe47</load_address>
         <run_address>0xe47</run_address>
         <size>0xac</size>
         <input_file_ref idref="fl-8b"/>
      </object_component>
      <object_component id="oc-40">
         <name>.debug_abbrev</name>
         <load_address>0xef3</load_address>
         <run_address>0xef3</run_address>
         <size>0xac</size>
         <input_file_ref idref="fl-8c"/>
      </object_component>
      <object_component id="oc-43">
         <name>.debug_abbrev</name>
         <load_address>0xf9f</load_address>
         <run_address>0xf9f</run_address>
         <size>0xc3</size>
         <input_file_ref idref="fl-8d"/>
      </object_component>
      <object_component id="oc-46">
         <name>.debug_abbrev</name>
         <load_address>0x1062</load_address>
         <run_address>0x1062</run_address>
         <size>0x11f</size>
         <input_file_ref idref="fl-8e"/>
      </object_component>
      <object_component id="oc-4a">
         <name>.debug_abbrev</name>
         <load_address>0x1181</load_address>
         <run_address>0x1181</run_address>
         <size>0x14b</size>
         <input_file_ref idref="fl-8f"/>
      </object_component>
      <object_component id="oc-4d">
         <name>.debug_abbrev</name>
         <load_address>0x12cc</load_address>
         <run_address>0x12cc</run_address>
         <size>0x9a</size>
         <input_file_ref idref="fl-90"/>
      </object_component>
      <object_component id="oc-50">
         <name>.debug_abbrev</name>
         <load_address>0x1366</load_address>
         <run_address>0x1366</run_address>
         <size>0xc3</size>
         <input_file_ref idref="fl-91"/>
      </object_component>
      <object_component id="oc-53">
         <name>.debug_abbrev</name>
         <load_address>0x1429</load_address>
         <run_address>0x1429</run_address>
         <size>0xc3</size>
         <input_file_ref idref="fl-92"/>
      </object_component>
      <object_component id="oc-56">
         <name>.debug_abbrev</name>
         <load_address>0x14ec</load_address>
         <run_address>0x14ec</run_address>
         <size>0xd0</size>
         <input_file_ref idref="fl-93"/>
      </object_component>
      <object_component id="oc-59">
         <name>.debug_abbrev</name>
         <load_address>0x15bc</load_address>
         <run_address>0x15bc</run_address>
         <size>0xa3</size>
         <input_file_ref idref="fl-94"/>
      </object_component>
      <object_component id="oc-5e">
         <name>.debug_abbrev</name>
         <load_address>0x165f</load_address>
         <run_address>0x165f</run_address>
         <size>0x215</size>
         <input_file_ref idref="fl-95"/>
      </object_component>
      <object_component id="oc-61">
         <name>.debug_abbrev</name>
         <load_address>0x1874</load_address>
         <run_address>0x1874</run_address>
         <size>0xe3</size>
         <input_file_ref idref="fl-96"/>
      </object_component>
      <object_component id="oc-64">
         <name>.debug_abbrev</name>
         <load_address>0x1957</load_address>
         <run_address>0x1957</run_address>
         <size>0xae</size>
         <input_file_ref idref="fl-97"/>
      </object_component>
      <object_component id="oc-67">
         <name>.debug_abbrev</name>
         <load_address>0x1a05</load_address>
         <run_address>0x1a05</run_address>
         <size>0xd5</size>
         <input_file_ref idref="fl-98"/>
      </object_component>
      <object_component id="oc-6a">
         <name>.debug_abbrev</name>
         <load_address>0x1ada</load_address>
         <run_address>0x1ada</run_address>
         <size>0xd0</size>
         <input_file_ref idref="fl-99"/>
      </object_component>
      <object_component id="oc-6d">
         <name>.debug_abbrev</name>
         <load_address>0x1baa</load_address>
         <run_address>0x1baa</run_address>
         <size>0xda</size>
         <input_file_ref idref="fl-9a"/>
      </object_component>
      <object_component id="oc-70">
         <name>.debug_abbrev</name>
         <load_address>0x1c84</load_address>
         <run_address>0x1c84</run_address>
         <size>0xa3</size>
         <input_file_ref idref="fl-9b"/>
      </object_component>
      <object_component id="oc-73">
         <name>.debug_abbrev</name>
         <load_address>0x1d27</load_address>
         <run_address>0x1d27</run_address>
         <size>0x81</size>
         <input_file_ref idref="fl-9c"/>
      </object_component>
      <object_component id="oc-76">
         <name>.debug_abbrev</name>
         <load_address>0x1da8</load_address>
         <run_address>0x1da8</run_address>
         <size>0x71</size>
         <input_file_ref idref="fl-9d"/>
      </object_component>
      <object_component id="oc-79">
         <name>.debug_abbrev</name>
         <load_address>0x1e19</load_address>
         <run_address>0x1e19</run_address>
         <size>0x8f</size>
         <input_file_ref idref="fl-9e"/>
      </object_component>
      <object_component id="oc-7d">
         <name>.debug_abbrev</name>
         <load_address>0x1ea8</load_address>
         <run_address>0x1ea8</run_address>
         <size>0x180</size>
         <input_file_ref idref="fl-9f"/>
      </object_component>
      <object_component id="oc-81">
         <name>.debug_abbrev</name>
         <load_address>0x2028</load_address>
         <run_address>0x2028</run_address>
         <size>0xd5</size>
         <input_file_ref idref="fl-a0"/>
      </object_component>
      <object_component id="oc-84">
         <name>.debug_abbrev</name>
         <load_address>0x20fd</load_address>
         <run_address>0x20fd</run_address>
         <size>0xd1</size>
         <input_file_ref idref="fl-a1"/>
      </object_component>
      <object_component id="oc-87">
         <name>.debug_abbrev</name>
         <load_address>0x21ce</load_address>
         <run_address>0x21ce</run_address>
         <size>0x90</size>
         <input_file_ref idref="fl-a2"/>
      </object_component>
      <object_component id="oc-8a">
         <name>.debug_abbrev</name>
         <load_address>0x225e</load_address>
         <run_address>0x225e</run_address>
         <size>0xda</size>
         <input_file_ref idref="fl-a3"/>
      </object_component>
      <object_component id="oc-8d">
         <name>.debug_abbrev</name>
         <load_address>0x2338</load_address>
         <run_address>0x2338</run_address>
         <size>0x12d</size>
         <input_file_ref idref="fl-a4"/>
      </object_component>
      <object_component id="oc-90">
         <name>.debug_abbrev</name>
         <load_address>0x2465</load_address>
         <run_address>0x2465</run_address>
         <size>0xda</size>
         <input_file_ref idref="fl-a5"/>
      </object_component>
      <object_component id="oc-93">
         <name>.debug_abbrev</name>
         <load_address>0x253f</load_address>
         <run_address>0x253f</run_address>
         <size>0xcc</size>
         <input_file_ref idref="fl-a6"/>
      </object_component>
      <object_component id="oc-96">
         <name>.debug_abbrev</name>
         <load_address>0x260b</load_address>
         <run_address>0x260b</run_address>
         <size>0xf7</size>
         <input_file_ref idref="fl-a7"/>
      </object_component>
      <object_component id="oc-99">
         <name>.debug_abbrev</name>
         <load_address>0x2702</load_address>
         <run_address>0x2702</run_address>
         <size>0xe9</size>
         <input_file_ref idref="fl-a8"/>
      </object_component>
      <object_component id="oc-9c">
         <name>.debug_abbrev</name>
         <load_address>0x27eb</load_address>
         <run_address>0x27eb</run_address>
         <size>0x11a</size>
         <input_file_ref idref="fl-a9"/>
      </object_component>
      <object_component id="oc-a1">
         <name>.debug_abbrev</name>
         <load_address>0x2905</load_address>
         <run_address>0x2905</run_address>
         <size>0x1cd</size>
         <input_file_ref idref="fl-aa"/>
      </object_component>
      <object_component id="oc-a7">
         <name>.debug_abbrev</name>
         <load_address>0x2ad2</load_address>
         <run_address>0x2ad2</run_address>
         <size>0x1f8</size>
         <input_file_ref idref="fl-ab"/>
      </object_component>
      <object_component id="oc-aa">
         <name>.debug_abbrev</name>
         <load_address>0x2cca</load_address>
         <run_address>0x2cca</run_address>
         <size>0x130</size>
         <input_file_ref idref="fl-ac"/>
      </object_component>
      <object_component id="oc-ad">
         <name>.debug_abbrev</name>
         <load_address>0x2dfa</load_address>
         <run_address>0x2dfa</run_address>
         <size>0xab</size>
         <input_file_ref idref="fl-ad"/>
      </object_component>
      <object_component id="oc-162">
         <name>.debug_abbrev</name>
         <load_address>0x2ea5</load_address>
         <run_address>0x2ea5</run_address>
         <size>0xd</size>
      </object_component>
   </object_component_list>
   <logical_group_list>
      <logical_group id="lg-107">
         <name>.text</name>
         <load_address>0x20</load_address>
         <run_address>0x20</run_address>
         <size>0x9240</size>
         <contents>
            <object_component_ref idref="oc-e9"/>
            <object_component_ref idref="oc-dc"/>
            <object_component_ref idref="oc-c8"/>
            <object_component_ref idref="oc-c3"/>
            <object_component_ref idref="oc-e6"/>
            <object_component_ref idref="oc-c4"/>
            <object_component_ref idref="oc-e3"/>
            <object_component_ref idref="oc-cf"/>
            <object_component_ref idref="oc-db"/>
            <object_component_ref idref="oc-f9"/>
            <object_component_ref idref="oc-c7"/>
            <object_component_ref idref="oc-e0"/>
            <object_component_ref idref="oc-103"/>
            <object_component_ref idref="oc-e8"/>
            <object_component_ref idref="oc-fe"/>
            <object_component_ref idref="oc-d0"/>
            <object_component_ref idref="oc-c9"/>
            <object_component_ref idref="oc-c5"/>
            <object_component_ref idref="oc-d3"/>
            <object_component_ref idref="oc-f8"/>
            <object_component_ref idref="oc-e5"/>
            <object_component_ref idref="oc-e1"/>
            <object_component_ref idref="oc-ba"/>
            <object_component_ref idref="oc-b8"/>
            <object_component_ref idref="oc-d9"/>
            <object_component_ref idref="oc-d2"/>
            <object_component_ref idref="oc-104"/>
            <object_component_ref idref="oc-de"/>
            <object_component_ref idref="oc-c6"/>
            <object_component_ref idref="oc-ee"/>
            <object_component_ref idref="oc-b6"/>
            <object_component_ref idref="oc-f6"/>
[...]
            <object_component_ref idref="oc-30"/>
            <object_component_ref idref="oc-34"/>
            <object_component_ref idref="oc-37"/>
            <object_component_ref idref="oc-3a"/>
            <object_component_ref idref="oc-3d"/>
            <object_component_ref idref="oc-40"/>
            <object_component_ref idref="oc-43"/>
            <object_component_ref idref="oc-46"/>
            <object_component_ref idref="oc-4a"/>
            <object_component_ref idref="oc-4d"/>
            <object_component_ref idref="oc-50"/>
            <object_component_ref idref="oc-53"/>
            <object_component_ref idref="oc-56"/>
            <object_component_ref idref="oc-59"/>
            <object_component_ref idref="oc-5e"/>
            <object_component_ref idref="oc-61"/>
            <object_component_ref idref="oc-64"/>
            <object_component_ref idref="oc-67"/>
            <object_component_ref idref="oc-6a"/>
            <object_component_ref idref="oc-6d"/>
            <object_component_ref idref="oc-70"/>
            <object_component_ref idref="oc-73"/>
            <object_component_ref idref="oc-76"/>
            <object_component_ref idref="oc-79"/>
            <object_component_ref idref="oc-7d"/>
            <object_component_ref idref="oc-81"/>
            <object_component_ref idref="oc-84"/>
            <object_component_ref idref="oc-87"/>
            <object_component_ref idref="oc-8a"/>
            <object_component_ref idref="oc-8d"/>
            <object_component_ref idref="oc-90"/>
            <object_component_ref idref="oc-93"/>
            <object_component_ref idref="oc-96"/>
            <object_component_ref idref="oc-99"/>
            <object_component_ref idref="oc-9c"/>
            <object_component_ref idref="oc-a1"/>
            <object_component_ref idref="oc-a7"/>
            <object_component_ref idref="oc-aa"/>
            <object_component_ref idref="oc-ad"/>
            <object_component_ref idref="oc-162"/>
         </contents>
      </logical_group>
   </logical_group_list>
   <placement_map>
      <memory_area>
         <name>RAM</name>
         <page_id>0x0</page_id>
         <origin>0x1</origin>
         <length>0xfffffffe</length>
         <used_space>0xa25e</used_space>
         <unused_space>0xffff5da0</unused_space>
         <attributes>RWIX</attributes>
         <usage_details>
            <available_space>
               <start_address>0x1</start_address>
               <size>0x7</size>
            </available_space>
            <allocated_space>
               <start_address>0x8</start_address>
               <size>0x0</size>
               <logical_group_ref idref="lg-109"/>
            </allocated_space>
            <allocated_space>
               <start_address>0x8</start_address>
               <size>0x0</size>
               <logical_group_ref idref="lg-10a"/>
            </allocated_space>
            <available_space>
               <start_address>0x8</start_address>
               <size>0x18</size>
            </available_space>
            <allocated_space>
               <start_address>0x20</start_address>
               <size>0x9240</size>
               <logical_group_ref idref="lg-107"/>
            </allocated_space>
            <allocated_space>
               <start_address>0x9260</start_address>
               <size>0x468</size>
               <logical_group_ref idref="lg-10f"/>
            </allocated_space>
            <allocated_space>
               <start_address>0x96c8</start_address>
               <size>0x400</size>
               <logical_group_ref idref="lg-10d"/>
            </allocated_space>
            <allocated_space>
               <start_address>0x9ac8</start_address>
               <size>0x400</size>
               <logical_group_ref idref="lg-10e"/>
            </allocated_space>
            <allocated_space>
               <start_address>0x9ec8</start_address>
               <size>0x154</size>
               <logical_group_ref idref="lg-10b"/>
            </allocated_space>
            <available_space>
               <start_address>0xa01c</start_address>
               <size>0x4</size>
            </available_space>
            <allocated_space>
               <start_address>0xa020</start_address>
               <size>0x142</size>
               <logical_group_ref idref="lg-108"/>
            </allocated_space>
            <available_space>
               <start_address>0xa162</start_address>
               <size>0x6</size>
            </available_space>
            <allocated_space>
               <start_address>0xa168</start_address>
               <size>0x120</size>
               <logical_group_ref idref="lg-111"/>
            </allocated_space>
            <available_space>
               <start_address>0xa288</start_address>
               <size>0xffff5d77</size>
            </available_space>
         </usage_details>
      </memory_area>
   </placement_map>
   <symbol_table>
      <symbol id="sm-0">
         <name>cinit</name>
         <value>0x9ec8</value>
      </symbol>
      <symbol id="sm-1">
         <name>___cinit__</name>
         <value>0x9ec8</value>
      </symbol>
      <symbol id="sm-2">
         <name>pinit</name>
         <value>0xffffffff</value>
      </symbol>
      <symbol id="sm-3">
         <name>___pinit__</name>
         <value>0xffffffff</value>
      </symbol>
      <symbol id="sm-4">
         <name>binit</name>
         <value>0xffffffff</value>
      </symbol>
      <symbol id="sm-5">
         <name>___binit__</name>
         <value>0xffffffff</value>
      </symbol>
      <symbol id="sm-6">
         <name>__STACK_SIZE</name>
         <value>0x400</value>
      </symbol>
      <symbol id="sm-7">
         <name>__STACK_END</name>
         <value>0x9ac8</value>
      </symbol>
      <symbol id="sm-8">
         <name>__SYSMEM_SIZE</name>
         <value>0x400</value>
      </symbol>
      <symbol id="sm-9">
         <name>___c_args__</name>
         <value>0xffffffff</value>
      </symbol>
      <symbol id="sm-a">
         <name>.text</name>
         <value>0x20</value>
      </symbol>
      <symbol id="sm-b">
         <name>___text__</name>
         <value>0x20</value>
      </symbol>
      <symbol id="sm-c">
         <name>etext</name>
         <value>0x9260</value>
      </symbol>
      <symbol id="sm-d">
         <name>___etext__</name>
         <value>0x9260</value>
      </symbol>
      <symbol id="sm-e">
         <name>.data</name>
         <value>0x8</value>
      </symbol>
      <symbol id="sm-f">
         <name>___data__</name>
         <value>0x8</value>
      </symbol>
      <symbol id="sm-10">
         <name>edata</name>
         <value>0x8</value>
      </symbol>
      <symbol id="sm-11">
         <name>___edata__</name>
         <value>0x8</value>
      </symbol>
      <symbol id="sm-12">
         <name>.bss</name>
         <value>0x8</value>
      </symbol>
      <symbol id="sm-13">
         <name>___bss__</name>
         <value>0x8</value>
      </symbol>
      <symbol id="sm-14">
         <name>end</name>
         <value>0x8</value>
      </symbol>
      <symbol id="sm-15">
         <name>___end__</name>
         <value>0x8</value>
      </symbol>
      <symbol id="sm-16">
         <name>___TI_pprof_out_hndl</name>
         <value>0xffffffff</value>
      </symbol>
      <symbol id="sm-17">
         <name>___TI_prof_data_start</name>
         <value>0xffffffff</value>
      </symbol>
      <symbol id="sm-18">
         <name>___TI_prof_data_size</name>
         <value>0xffffffff</value>
      </symbol>
      <symbol id="sm-19">
         <name>$bss</name>
         <value>0x8</value>
      </symbol>
      <symbol id="sm-49">
         <name>_main</name>
         <value>0x9160</value>
         <object_component_ref idref="oc-bc"/>
      </symbol>
      <symbol id="sm-55">
         <name>_c_int00</name>
         <value>0x8e60</value>
         <object_component_ref idref="oc-2"/>
      </symbol>
      <symbol id="sm-56">
         <name>__stack</name>
         <value>0x96c8</value>
         <object_component_ref idref="oc-9"/>
      </symbol>
      <symbol id="sm-66">
         <name>C$$EXIT</name>
         <value>0x9220</value>
         <object_component_ref idref="oc-bd"/>
      </symbol>
      <symbol id="sm-67">
         <name>_exit</name>
         <value>0x8220</value>
         <object_component_ref idref="oc-b0"/>
      </symbol>
      <symbol id="sm-68">
         <name>___TI_enable_exit_profile_output</name>
         <value>0x96a8</value>
         <object_component_ref idref="oc-e"/>
      </symbol>
      <symbol id="sm-69">
         <name>_abort</name>
         <value>0x9220</value>
         <object_component_ref idref="oc-bd"/>
      </symbol>
      <symbol id="sm-6a">
         <name>__cleanup_ptr</name>
         <value>0x96a0</value>
         <object_component_ref idref="oc-e"/>
      </symbol>
      <symbol id="sm-6b">
         <name>__dtors_ptr</name>
         <value>0x96a4</value>
         <object_component_ref idref="oc-e"/>
      </symbol>
      <symbol id="sm-79">
         <name>_printf</name>
         <value>0x7480</value>
         <object_component_ref idref="oc-c0"/>
      </symbol>
      <symbol id="sm-87">
         <name>__unlock</name>
         <value>0x96b0</value>
         <object_component_ref idref="oc-16"/>
      </symbol>
      <symbol id="sm-88">
         <name>__lock</name>
         <value>0x96ac</value>
         <object_component_ref idref="oc-16"/>
      </symbol>
      <symbol id="sm-89">
         <name>__nop</name>
         <value>0x91c0</value>
         <object_component_ref idref="oc-b1"/>
      </symbol>
      <symbol id="sm-b9">
         <name>__printfi</name>
         <value>0x1440</value>
         <object_component_ref idref="oc-c3"/>
      </symbol>
      <symbol id="sm-c3">
         <name>__args_main</name>
         <value>0x90e0</value>
         <object_component_ref idref="oc-af"/>
      </symbol>
      <symbol id="sm-c4">
         <name>__TI_args_main</name>
         <value>0x1</value>
      </symbol>
      <symbol id="sm-ce">
         <name>_atoi</name>
         <value>0x6c60</value>
         <object_component_ref idref="oc-ce"/>
      </symbol>
      <symbol id="sm-d8">
         <name>__auto_init</name>
         <value>0x77a0</value>
         <object_component_ref idref="oc-ae"/>
      </symbol>
      <symbol id="sm-e2">
         <name>__cmpd</name>
         <value>0x78a0</value>
         <object_component_ref idref="oc-d7"/>
      </symbol>
      <symbol id="sm-ec">
         <name>___TI_cpp_init</name>
         <value>0x8ce0</value>
         <object_component_ref idref="oc-bb"/>
      </symbol>
      <symbol id="sm-f6">
         <name>_copy_in</name>
         <value>0x8700</value>
         <object_component_ref idref="oc-b9"/>
      </symbol>
      <symbol id="sm-fe">
         <name>__ctypes_</name>
         <value>0xa020</value>
         <object_component_ref idref="oc-d4"/>
      </symbol>
      <symbol id="sm-108">
         <name>__tmpnams</name>
         <value>0x9440</value>
         <object_component_ref idref="oc-33"/>
      </symbol>
      <symbol id="sm-109">
         <name>__ft_end</name>
         <value>0x9580</value>
         <object_component_ref idref="oc-33"/>
      </symbol>
      <symbol id="sm-10a">
         <name>__ftable</name>
         <value>0x9260</value>
         <object_component_ref idref="oc-33"/>
      </symbol>
      <symbol id="sm-116">
         <name>__divd</name>
         <value>0x20</value>
         <object_component_ref idref="oc-e9"/>
      </symbol>
      <symbol id="sm-11e">
         <name>__c6xabi_divu</name>
         <value>0x84c0</value>
         <object_component_ref idref="oc-f7"/>
      </symbol>
      <symbol id="sm-11f">
         <name>__divu</name>
         <value>0x84c0</value>
         <object_component_ref idref="oc-f7"/>
      </symbol>
      <symbol id="sm-129">
         <name>__fixdi</name>
         <value>0x8580</value>
         <object_component_ref idref="oc-f3"/>
      </symbol>
      <symbol id="sm-133">
         <name>__fixdli</name>
         <value>0x8880</value>
         <object_component_ref idref="oc-ef"/>
      </symbol>
      <symbol id="sm-13d">
         <name>__fltlid</name>
         <value>0x8d60</value>
         <object_component_ref idref="oc-f1"/>
      </symbol>
      <symbol id="sm-147">
         <name>_putc</name>
         <value>0x4b80</value>
         <object_component_ref idref="oc-c5"/>
      </symbol>
      <symbol id="sm-148">
         <name>_fputc</name>
         <value>0x4b80</value>
         <object_component_ref idref="oc-c5"/>
      </symbol>
      <symbol id="sm-154">
         <name>_fputs</name>
         <value>0x1ec0</value>
         <object_component_ref idref="oc-c4"/>
      </symbol>
      <symbol id="sm-15e">
         <name>__frcmpyd_div</name>
         <value>0x6880</value>
         <object_component_ref idref="oc-f6"/>
      </symbol>
      <symbol id="sm-16c">
         <name>__divul</name>
         <value>0x5140</value>
         <object_component_ref idref="oc-f8"/>
      </symbol>
      <symbol id="sm-16d">
         <name>__remli</name>
         <value>0x8640</value>
         <object_component_ref idref="oc-fc"/>
      </symbol>
      <symbol id="sm-16e">
         <name>__divli</name>
         <value>0x7aa0</value>
         <object_component_ref idref="oc-fd"/>
      </symbol>
      <symbol id="sm-17a">
         <name>__subcull</name>
         <value>0x9020</value>
         <object_component_ref idref="oc-100"/>
      </symbol>
      <symbol id="sm-17b">
         <name>__divull</name>
         <value>0x31c0</value>
         <object_component_ref idref="oc-f9"/>
      </symbol>
      <symbol id="sm-185">
         <name>___isinf</name>
         <value>0x8f60</value>
         <object_component_ref idref="oc-d6"/>
      </symbol>
      <symbol id="sm-191">
         <name>__llshl</name>
         <value>0x8920</value>
         <object_component_ref idref="oc-ff"/>
      </symbol>
      <symbol id="sm-192">
         <name>__llshru</name>
         <value>0x8de0</value>
         <object_component_ref idref="oc-101"/>
      </symbol>
      <symbol id="sm-1aa">
         <name>_unlink</name>
         <value>0x8ba0</value>
         <object_component_ref idref="oc-102"/>
      </symbol>
      <symbol id="sm-1ab">
         <name>_lseek</name>
         <value>0x7ca0</value>
         <object_component_ref idref="oc-df"/>
      </symbol>
      <symbol id="sm-1ac">
         <name>_close</name>
         <value>0x7240</value>
         <object_component_ref idref="oc-fa"/>
      </symbol>
      <symbol id="sm-1ad">
         <name>_write</name>
         <value>0x7da0</value>
         <object_component_ref idref="oc-cc"/>
      </symbol>
      <symbol id="sm-1b7">
         <name>_ltoa</name>
         <value>0x6da0</value>
         <object_component_ref idref="oc-f0"/>
      </symbol>
      <symbol id="sm-1c1">
         <name>_memccpy</name>
         <value>0x8ee0</value>
         <object_component_ref idref="oc-d1"/>
      </symbol>
      <symbol id="sm-1cb">
         <name>_memcpy</name>
         <value>0x5820</value>
         <object_component_ref idref="oc-ba"/>
      </symbol>
      <symbol id="sm-1d5">
         <name>_memset</name>
         <value>0x7360</value>
         <object_component_ref idref="oc-cd"/>
      </symbol>
      <symbol id="sm-1df">
         <name>__mpyd</name>
         <value>0x3f80</value>
         <object_component_ref idref="oc-e8"/>
      </symbol>
      <symbol id="sm-1e9">
         <name>__mpyll</name>
         <value>0x89c0</value>
         <object_component_ref idref="oc-eb"/>
      </symbol>
      <symbol id="sm-1f3">
         <name>__negd</name>
         <value>0x9120</value>
         <object_component_ref idref="oc-d8"/>
      </symbol>
      <symbol id="sm-1fd">
         <name>__negll</name>
         <value>0x91a0</value>
         <object_component_ref idref="oc-dd"/>
      </symbol>
      <symbol id="sm-207">
         <name>__subd</name>
         <value>0x9080</value>
         <object_component_ref idref="oc-f2"/>
      </symbol>
      <symbol id="sm-21f">
         <name>_HOSTopen</name>
         <value>0x6ee0</value>
         <object_component_ref idref="oc-b2"/>
      </symbol>
      <symbol id="sm-220">
         <name>_HOSTread</name>
         <value>0x69e0</value>
         <object_component_ref idref="oc-b4"/>
      </symbol>
      <symbol id="sm-221">
         <name>_HOSTrename</name>
         <value>0x5a60</value>
         <object_component_ref idref="oc-b8"/>
      </symbol>
      <symbol id="sm-222">
         <name>_HOSTwrite</name>
         <value>0x7000</value>
         <object_component_ref idref="oc-b5"/>
      </symbol>
      <symbol id="sm-223">
         <name>_HOSTlseek</name>
         <value>0x6720</value>
         <object_component_ref idref="oc-b6"/>
      </symbol>
      <symbol id="sm-224">
         <name>_HOSTunlink</name>
         <value>0x76a0</value>
         <object_component_ref idref="oc-b7"/>
      </symbol>
      <symbol id="sm-225">
         <name>_HOSTclose</name>
         <value>0x75a0</value>
         <object_component_ref idref="oc-b3"/>
      </symbol>
      <symbol id="sm-233">
         <name>C$$IO$$</name>
         <value>0x8cb8</value>
         <object_component_ref idref="oc-be"/>
      </symbol>
      <symbol id="sm-234">
         <name>__CIOBUF_</name>
         <value>0xa168</value>
         <object_component_ref idref="oc-7f"/>
      </symbol>
      <symbol id="sm-235">
         <name>_readmsg</name>
         <value>0x8b00</value>
         <object_component_ref idref="oc-bf"/>
      </symbol>
      <symbol id="sm-236">
         <name>_writemsg</name>
         <value>0x8c40</value>
         <object_component_ref idref="oc-be"/>
      </symbol>
      <symbol id="sm-240">
         <name>__wrt_ok</name>
         <value>0x7120</value>
         <object_component_ref idref="oc-ca"/>
      </symbol>
      <symbol id="sm-251">
         <name>__addd</name>
         <value>0x42a0</value>
         <object_component_ref idref="oc-fe"/>
      </symbol>
      <symbol id="sm-25b">
         <name>__doflush</name>
         <value>0x7f80</value>
         <object_component_ref idref="oc-cb"/>
      </symbol>
      <symbol id="sm-265">
         <name>__frcaddd</name>
         <value>0x3c60</value>
         <object_component_ref idref="oc-103"/>
      </symbol>
      <symbol id="sm-26f">
         <name>__frcmpyd</name>
         <value>0x6b20</value>
         <object_component_ref idref="oc-f4"/>
      </symbol>
      <symbol id="sm-279">
         <name>_fseek</name>
         <value>0x5e80</value>
         <object_component_ref idref="oc-d2"/>
      </symbol>
      <symbol id="sm-283">
         <name>__renormd</name>
         <value>0x8a60</value>
         <object_component_ref idref="oc-105"/>
      </symbol>
      <symbol id="sm-28d">
         <name>_setvbuf</name>
         <value>0x4e60</value>
         <object_component_ref idref="oc-d3"/>
      </symbol>
      <symbol id="sm-29b">
         <name>__cleanup</name>
         <value>0x7ea0</value>
         <object_component_ref idref="oc-e2"/>
      </symbol>
      <symbol id="sm-2b1">
         <name>__sys_memory</name>
         <value>0x9ac8</value>
         <object_component_ref idref="oc-a5"/>
      </symbol>
      <symbol id="sm-2b2">
         <name>_free</name>
         <value>0x38e0</value>
         <object_component_ref idref="oc-e0"/>
      </symbol>
      <symbol id="sm-2b3">
         <name>_malloc</name>
         <value>0x55e0</value>
         <object_component_ref idref="oc-e1"/>
      </symbol>
      <symbol id="sm-2bd">
         <name>__closefile</name>
         <value>0x65a0</value>
         <object_component_ref idref="oc-ee"/>
      </symbol>
      <symbol id="sm-2c7">
         <name>_remove</name>
         <value>0x9240</value>
         <object_component_ref idref="oc-fb"/>
      </symbol>
   </symbol_table>
</link_info>
